/uv/cache/archive-v0/3991mMG5T45yviqiSx0ll/jaxlib/include/xla/ffi/api/api.h(166): warning #940-D: missing return statement at end of non-void function "operator<<"
  }
  ^

Remark: The warnings can be suppressed with "-diag-suppress <warning-number>"

/uv/cache/archive-v0/3991mMG5T45yviqiSx0ll/jaxlib/include/xla/ffi/api/api.h(179): warning #940-D: missing return statement at end of non-void function "operator<<(std::ostream &, XLA_FFI_AttrType)"
  }
  ^

/uv/cache/archive-v0/3991mMG5T45yviqiSx0ll/jaxlib/include/xla/ffi/api/api.h(193): warning #940-D: missing return statement at end of non-void function "operator<<(std::ostream &, XLA_FFI_ExecutionStage)"
  }
  ^

/uv/cache/archive-v0/3991mMG5T45yviqiSx0ll/jaxlib/include/xla/ffi/api/ffi.h(189): warning #940-D: missing return statement at end of non-void function "xla::ffi::ByteWidth"
  }
  ^

/uv/cache/archive-v0/3991mMG5T45yviqiSx0ll/jaxlib/include/xla/ffi/api/ffi.h(766): warning #2473-D: the "always_inline" attribute is ignored on non-inline functions
  __attribute__((always_inline)) bool IsaBuffer(XLA_FFI_Buffer* buf) {
                 ^

/uv/cache/archive-v0/3991mMG5T45yviqiSx0ll/jaxlib/include/xla/ffi/api/ffi.h(772): warning #2473-D: the "always_inline" attribute is ignored on non-inline functions
  __attribute__((always_inline)) std::optional<Buffer<dtype, rank>> DecodeBuffer(
                 ^

/uv/cache/archive-v0/3991mMG5T45yviqiSx0ll/jaxlib/include/xla/ffi/api/ffi.h(840): warning #940-D: missing return statement at end of non-void function "xla::ffi::operator<<(std::ostream &, XLA_FFI_ArgType)"
  }
  ^

/uv/cache/archive-v0/3991mMG5T45yviqiSx0ll/jaxlib/include/xla/ffi/api/ffi.h(927): warning #940-D: missing return statement at end of non-void function "xla::ffi::operator<<(std::ostream &, XLA_FFI_RetType)"
  }
  ^

/uv/cache/archive-v0/3991mMG5T45yviqiSx0ll/jaxlib/include/xla/ffi/api/api.h(166): warning #940-D: missing return statement at end of non-void function "operator<<"
  }
  ^

Remark: The warnings can be suppressed with "-diag-suppress <warning-number>"

/uv/cache/archive-v0/3991mMG5T45yviqiSx0ll/jaxlib/include/xla/ffi/api/api.h(179): warning #940-D: missing return statement at end of non-void function "operator<<(std::ostream &, XLA_FFI_AttrType)"
  }
  ^

/uv/cache/archive-v0/3991mMG5T45yviqiSx0ll/jaxlib/include/xla/ffi/api/api.h(193): warning #940-D: missing return statement at end of non-void function "operator<<(std::ostream &, XLA_FFI_ExecutionStage)"
  }
  ^

/uv/cache/archive-v0/3991mMG5T45yviqiSx0ll/jaxlib/include/xla/ffi/api/ffi.h(189): warning #940-D: missing return statement at end of non-void function "xla::ffi::ByteWidth"
  }
  ^

/uv/cache/archive-v0/3991mMG5T45yviqiSx0ll/jaxlib/include/xla/ffi/api/ffi.h(766): warning #2473-D: the "always_inline" attribute is ignored on non-inline functions
  __attribute__((always_inline)) bool IsaBuffer(XLA_FFI_Buffer* buf) {
                 ^

/uv/cache/archive-v0/3991mMG5T45yviqiSx0ll/jaxlib/include/xla/ffi/api/ffi.h(772): warning #2473-D: the "always_inline" attribute is ignored on non-inline functions
  __attribute__((always_inline)) std::optional<Buffer<dtype, rank>> DecodeBuffer(
                 ^

/uv/cache/archive-v0/3991mMG5T45yviqiSx0ll/jaxlib/include/xla/ffi/api/ffi.h(840): warning #940-D: missing return statement at end of non-void function "xla::ffi::operator<<(std::ostream &, XLA_FFI_ArgType)"
  }
  ^

/uv/cache/archive-v0/3991mMG5T45yviqiSx0ll/jaxlib/include/xla/ffi/api/ffi.h(927): warning #940-D: missing return statement at end of non-void function "xla::ffi::operator<<(std::ostream &, XLA_FFI_RetType)"
  }
  ^

/uv/cache/archive-v0/3991mMG5T45yviqiSx0ll/jaxlib/include/xla/ffi/api/api.h(166): warning #940-D: missing return statement at end of non-void function "operator<<"
  }
  ^

Remark: The warnings can be suppressed with "-diag-suppress <warning-number>"

/uv/cache/archive-v0/3991mMG5T45yviqiSx0ll/jaxlib/include/xla/ffi/api/api.h(179): warning #940-D: missing return statement at end of non-void function "operator<<(std::ostream &, XLA_FFI_AttrType)"
  }
  ^

/uv/cache/archive-v0/3991mMG5T45yviqiSx0ll/jaxlib/include/xla/ffi/api/api.h(193): warning #940-D: missing return statement at end of non-void function "operator<<(std::ostream &, XLA_FFI_ExecutionStage)"
  }
  ^

/uv/cache/archive-v0/3991mMG5T45yviqiSx0ll/jaxlib/include/xla/ffi/api/ffi.h(189): warning #940-D: missing return statement at end of non-void function "xla::ffi::ByteWidth"
  }
  ^

/uv/cache/archive-v0/3991mMG5T45yviqiSx0ll/jaxlib/include/xla/ffi/api/ffi.h(766): warning #2473-D: the "always_inline" attribute is ignored on non-inline functions
  __attribute__((always_inline)) bool IsaBuffer(XLA_FFI_Buffer* buf) {
                 ^

/uv/cache/archive-v0/3991mMG5T45yviqiSx0ll/jaxlib/include/xla/ffi/api/ffi.h(772): warning #2473-D: the "always_inline" attribute is ignored on non-inline functions
  __attribute__((always_inline)) std::optional<Buffer<dtype, rank>> DecodeBuffer(
                 ^

/uv/cache/archive-v0/3991mMG5T45yviqiSx0ll/jaxlib/include/xla/ffi/api/ffi.h(840): warning #940-D: missing return statement at end of non-void function "xla::ffi::operator<<(std::ostream &, XLA_FFI_ArgType)"
  }
  ^

/uv/cache/archive-v0/3991mMG5T45yviqiSx0ll/jaxlib/include/xla/ffi/api/ffi.h(927): warning #940-D: missing return statement at end of non-void function "xla::ffi::operator<<(std::ostream &, XLA_FFI_RetType)"
  }
  ^

/uv/cache/archive-v0/3991mMG5T45yviqiSx0ll/jaxlib/include/xla/ffi/api/api.h: In function ‘std::ostream& operator<<(std::ostream&, XLA_FFI_ExecutionStage)’:
/uv/cache/archive-v0/3991mMG5T45yviqiSx0ll/jaxlib/include/xla/ffi/api/api.h:193:1: warning: control reaches end of non-void function [-Wreturn-type]
  193 | }
      | ^
/uv/cache/archive-v0/3991mMG5T45yviqiSx0ll/jaxlib/include/xla/ffi/api/api.h: In function ‘std::ostream& operator<<(std::ostream&, XLA_FFI_DataType)’:
/uv/cache/archive-v0/3991mMG5T45yviqiSx0ll/jaxlib/include/xla/ffi/api/api.h:166:1: warning: control reaches end of non-void function [-Wreturn-type]
  166 | }
      | ^
Traceback (most recent call last):
  File "/tmp/shuttle-partitioned-7058/lib/tile_lifetime/benchmarks/xla_partitioned_contract_map_gpu_custom_call.py", line 225, in <module>
    main()
  File "/tmp/shuttle-partitioned-7058/lib/tile_lifetime/benchmarks/xla_partitioned_contract_map_gpu_custom_call.py", line 211, in main
    summary = run_benchmark(
              ^^^^^^^^^^^^^^
  File "/tmp/shuttle-partitioned-7058/lib/tile_lifetime/benchmarks/xla_partitioned_contract_map_gpu_custom_call.py", line 151, in run_benchmark
    "revision": _git_revision(),
                ^^^^^^^^^^^^^^^
  File "/tmp/shuttle-partitioned-7058/lib/tile_lifetime/benchmarks/xla_partitioned_contract_map_gpu_custom_call.py", line 187, in _git_revision
    return subprocess.run(
           ^^^^^^^^^^^^^^^
  File "/usr/local/lib/python3.12/subprocess.py", line 571, in run
    raise CalledProcessError(retcode, process.args,
subprocess.CalledProcessError: Command '['git', 'rev-parse', 'HEAD']' returned non-zero exit status 128.
