19:49:48 t=0s train=none step=-2
19:50:57 t=68s train=running step=-2
19:51:42 gang up (wandb run exists), compile ceiling 1800s starts now
19:52:04 t=137s train=running step=-1
19:53:10 t=203s train=running step=-1
19:54:16 t=269s train=running step=-1
19:55:22 t=334s train=running step=-1
19:56:28 t=400s train=running step=-1
19:57:33 t=466s train=running step=-1
19:58:39 t=531s train=running step=-1
19:59:44 t=597s train=running step=-1
20:00:50 t=662s train=running step=-1
20:02:01 t=728s train=running step=30003
20:02:01 first observed step=30003, step budget 1200s starts now
20:03:13 t=799s train=running step=30007
20:04:24 t=871s train=running step=30011
20:05:36 t=942s train=running step=30016
20:06:48 t=1014s train=running step=30020
20:07:59 t=1085s train=running step=30024
20:07:59 cancelling /mwittmann/mfl-ctrl-i-coord: scored through step 30024 (19 past first)
Cancelled jobs:
  /mwittmann/mfl-ctrl-i-coord/grug-train-mfl-ctrl-i
Cancelled jobs:
  /mwittmann/mfl-ctrl-i-coord
WATCHDOG scored step=30024 first=30003
