07:03:03 t=0s train=none step=-2
07:04:15 t=73s train=running step=-2
07:05:27 t=145s train=running step=-2
07:06:39 t=217s train=running step=-2
07:07:51 t=289s train=running step=-2
07:09:03 t=361s train=running step=-2
07:10:14 t=432s train=running step=-2
07:11:26 t=504s train=running step=-2
07:12:38 t=576s train=running step=-2
07:13:51 t=649s train=running step=-2
07:16:09 t=787s train=running step=-2
07:16:57 gang up (wandb run exists), compile ceiling 1800s starts now
07:17:21 t=860s train=running step=-1
07:18:29 t=928s train=running step=-1
07:19:37 t=996s train=running step=-1
07:20:46 t=1065s train=running step=-1
07:21:54 t=1133s train=running step=-1
07:23:02 t=1201s train=running step=-1
07:24:10 t=1269s train=running step=-1
07:25:18 t=1337s train=running step=-1
07:26:26 t=1405s train=running step=-1
07:27:40 t=1473s train=running step=30001
07:27:40 first observed step=30001, step budget 1200s starts now
07:28:54 t=1548s train=running step=30006
07:30:09 t=1621s train=running step=30010
07:31:23 t=1696s train=running step=30015
07:32:37 t=1770s train=running step=30019
07:33:51 t=1844s train=running step=30023
07:33:51 cancelling /mwittmann/mfl-ctrl-a2-coord: scored through step 30023 (19 past first)
Cancelled jobs:
  /mwittmann/mfl-ctrl-a2-coord/grug-train-mfl-ctrl-a2
Cancelled jobs:
  /mwittmann/mfl-ctrl-a2-coord
WATCHDOG scored step=30023 first=30001
