13:30:09 t=0s train=none step=-2
13:31:18 t=68s train=running step=-2
13:32:03 gang up (wandb run exists), compile ceiling 1800s starts now
13:32:26 t=137s train=running step=-1
13:33:31 t=203s train=running step=-1
13:34:37 t=268s train=running step=-1
13:35:43 t=334s train=running step=-1
13:36:48 t=400s train=running step=-1
13:37:54 t=465s train=running step=-1
13:39:00 t=531s train=running step=-1
13:40:05 t=597s train=running step=-1
13:41:11 t=662s train=running step=-1
13:42:16 t=728s train=running step=-1
13:43:22 t=793s train=running step=-1
13:44:34 t=859s train=running step=30003
13:44:34 first observed step=30003, step budget 1200s starts now
13:45:46 t=931s train=running step=30008
13:46:58 t=1003s train=running step=30012
13:48:10 t=1075s train=running step=30016
13:49:22 t=1147s train=running step=30020
13:50:34 t=1219s train=running step=30024
WATCHDOG terminal train=succeeded step=30024
