02:40:53 t=0s train=none step=-2
02:42:02 t=69s train=running step=-2
02:42:47 gang up (wandb run exists), compile ceiling 1800s starts now
02:43:09 t=138s train=running step=-1
02:44:15 t=203s train=running step=-1
02:45:20 t=269s train=running step=-1
02:46:26 t=334s train=running step=-1
02:47:32 t=400s train=running step=-1
02:48:37 t=466s train=running step=-1
02:49:49 t=531s train=running step=30000
02:49:49 first observed step=30000, step budget 1200s starts now
02:51:01 t=603s train=running step=30005
02:52:13 t=675s train=running step=30009
02:53:24 t=747s train=running step=30013
02:54:36 t=818s train=running step=30017
02:55:48 t=890s train=running step=30021
02:55:48 cancelling /mwittmann/mfl-c13-b-coord: scored through step 30021 (19 past first)
Cancelled jobs:
  /mwittmann/mfl-c13-b-coord/grug-train-mfl-c13-b
Cancelled jobs:
  /mwittmann/mfl-c13-b-coord
WATCHDOG scored step=30021 first=30000
