07:35:00 t=0s train=none step=-2
07:36:13 t=74s train=running step=-2
07:37:26 t=147s train=running step=-2
07:38:39 t=219s train=running step=-2
07:39:51 t=292s train=running step=-2
07:41:04 t=364s train=running step=-2
07:42:16 t=437s train=running step=-2
07:43:29 t=509s train=running step=-2
07:44:41 t=582s train=running step=-2
07:45:53 t=654s train=running step=-2
07:47:06 t=727s train=running step=-1
07:47:30 gang up (wandb run exists), compile ceiling 1800s starts now
07:48:16 t=798s train=running step=-1
07:49:24 t=866s train=running step=-1
07:50:32 t=934s train=running step=-1
07:51:40 t=1002s train=running step=-1
07:52:48 t=1070s train=running step=-1
07:53:56 t=1138s train=running step=-1
07:55:04 t=1206s train=running step=-1
07:56:13 t=1275s train=running step=-1
07:57:27 t=1343s train=running step=30002
07:57:27 first observed step=30002, step budget 1200s starts now
07:58:41 t=1417s train=running step=30006
07:59:56 t=1492s train=running step=30010
08:01:10 t=1566s train=running step=30015
08:02:22 t=1640s train=running step=30019
08:03:34 t=1711s train=running step=30022
08:04:45 t=1782s train=running step=30027
WATCHDOG terminal train=succeeded step=30027
