17:32:34 t=0s train=running step=-2
17:33:22 gang up (wandb run exists), compile ceiling 1800s starts now
17:33:46 t=74s train=running step=-1
17:34:56 t=143s train=running step=-1
17:36:05 t=213s train=running step=-1
17:37:15 t=282s train=running step=-1
17:38:24 t=352s train=running step=-1
17:39:33 t=421s train=running step=-1
17:40:41 t=489s train=running step=-1
17:41:49 t=557s train=running step=-1
17:43:02 t=625s train=running step=30001
17:43:02 first observed step=30001, step budget 1200s starts now
17:44:14 t=697s train=running step=30005
17:45:26 t=769s train=running step=30010
17:46:39 t=841s train=running step=30014
17:47:51 t=914s train=running step=30018
17:49:02 t=985s train=running step=30022
17:49:02 cancelling /mwittmann/mfl-ctrl-h-coord: scored through step 30022 (19 past first)
Cancelled jobs:
  /mwittmann/mfl-ctrl-h-coord/grug-train-mfl-ctrl-h
Cancelled jobs:
  /mwittmann/mfl-ctrl-h-coord
WATCHDOG scored step=30022 first=30001
