13:53:10 t=0s train=none step=-2
13:54:17 t=68s train=running step=-2
13:55:26 t=136s train=running step=-2
13:56:35 t=205s train=running step=-1
13:56:57 gang up (wandb run exists), compile ceiling 1800s starts now
13:57:41 t=273s train=running step=-1
13:58:47 t=338s train=running step=-1
13:59:53 t=404s train=running step=-1
14:00:59 t=470s train=running step=-1
14:02:05 t=536s train=running step=-1
14:03:10 t=602s train=running step=-1
14:04:16 t=668s train=running step=-1
14:05:22 t=733s train=running step=-1
14:06:28 t=799s train=running step=-1
14:07:34 t=865s train=running step=-1
14:08:45 t=931s train=running step=30002
14:08:45 first observed step=30002, step budget 1200s starts now
14:09:57 t=1002s train=running step=30006
14:11:10 t=1074s train=running step=30010
14:12:21 t=1147s train=running step=30015
14:13:33 t=1218s train=running step=30018
14:14:46 t=1290s train=running step=30023
14:15:58 t=1363s train=running step=30027
WATCHDOG terminal train=succeeded step=30027
