{
  "benchmark": "shuttle_natural_routed_streaming_attention_sm90",
  "source": "ordinary JAX -> StableHLO -> Relation/Contract/Map/DomainRestriction/Fold",
  "configuration": {
    "sequence": 16384,
    "block": 128,
    "slots": 8,
    "router_dimension": 64,
    "seed": 1701,
    "warmups": 10,
    "repeats": 30,
    "include_block_sparse_oracle": false,
    "include_flash_moba_oracle": true,
    "flash_moba_query_group": 1024,
    "include_kv_major": false,
    "kv_query_capacity": 2,
    "include_kv_capacity_mutation": false,
    "json_output": "/tmp/flashmoba-primary-run1.json"
  },
  "hardware": "NVIDIA H100 80GB HBM3, 595.71.05, 700.00 W, 1830 MHz, 2619 MHz",
  "torch": "2.13.0+cu130",
  "compile_seconds": 3.1162525974214077,
  "kv_major_compile_seconds": null,
  "samples_ms": [
    0.6310719847679138,
    0.65065598487854,
    0.6073920130729675,
    0.6408960223197937,
    0.5877439975738525,
    0.6589440107345581,
    0.5926079750061035,
    0.6542400121688843,
    0.5985919833183289,
    0.6387519836425781,
    0.5883520245552063,
    0.6667199730873108,
    0.600928008556366,
    0.6588799953460693,
    0.6134080290794373,
    0.6516159772872925,
    0.5949440002441406,
    0.652288019657135,
    0.5889279842376709,
    0.6455680131912231,
    0.5906559824943542,
    0.6506239771842957,
    0.5905600190162659,
    0.6499840021133423,
    0.6131839752197266,
    0.6453440189361572,
    0.5945600271224976,
    0.6482239961624146,
    0.5899839997291565,
    0.6481279730796814
  ],
  "median_ms": 0.634911984205246,
  "minimum_ms": 0.5877439975738525,
  "maximum_ms": 0.6667199730873108,
  "mean_ms": 0.6247925321261089,
  "measurement_protocol": {
    "name": "alternating_counterbalanced_pairs",
    "variants": [
      "generated",
      "matched_expert_oracle"
    ],
    "warmup_launch_orders": [
      [
        "generated",
        "matched_expert_oracle"
      ],
      [
        "matched_expert_oracle",
        "generated"
      ],
      [
        "generated",
        "matched_expert_oracle"
      ],
      [
        "matched_expert_oracle",
        "generated"
      ],
      [
        "generated",
        "matched_expert_oracle"
      ],
      [
        "matched_expert_oracle",
        "generated"
      ],
      [
        "generated",
        "matched_expert_oracle"
      ],
      [
        "matched_expert_oracle",
        "generated"
      ],
      [
        "generated",
        "matched_expert_oracle"
      ],
      [
        "matched_expert_oracle",
        "generated"
      ]
    ],
    "sample_launch_orders": [
      [
        "generated",
        "matched_expert_oracle"
      ],
      [
        "matched_expert_oracle",
        "generated"
      ],
      [
        "generated",
        "matched_expert_oracle"
      ],
      [
        "matched_expert_oracle",
        "generated"
      ],
      [
        "generated",
        "matched_expert_oracle"
      ],
      [
        "matched_expert_oracle",
        "generated"
      ],
      [
        "generated",
        "matched_expert_oracle"
      ],
      [
        "matched_expert_oracle",
        "generated"
      ],
      [
        "generated",
        "matched_expert_oracle"
      ],
      [
        "matched_expert_oracle",
        "generated"
      ],
      [
        "generated",
        "matched_expert_oracle"
      ],
      [
        "matched_expert_oracle",
        "generated"
      ],
      [
        "generated",
        "matched_expert_oracle"
      ],
      [
        "matched_expert_oracle",
        "generated"
      ],
      [
        "generated",
        "matched_expert_oracle"
      ],
      [
        "matched_expert_oracle",
        "generated"
      ],
      [
        "generated",
        "matched_expert_oracle"
      ],
      [
        "matched_expert_oracle",
        "generated"
      ],
      [
        "generated",
        "matched_expert_oracle"
      ],
      [
        "matched_expert_oracle",
        "generated"
      ],
      [
        "generated",
        "matched_expert_oracle"
      ],
      [
        "matched_expert_oracle",
        "generated"
      ],
      [
        "generated",
        "matched_expert_oracle"
      ],
      [
        "matched_expert_oracle",
        "generated"
      ],
      [
        "generated",
        "matched_expert_oracle"
      ],
      [
        "matched_expert_oracle",
        "generated"
      ],
      [
        "generated",
        "matched_expert_oracle"
      ],
      [
        "matched_expert_oracle",
        "generated"
      ],
      [
        "generated",
        "matched_expert_oracle"
      ],
      [
        "matched_expert_oracle",
        "generated"
      ]
    ],
    "sample_pairing": "samples at the same index form one generated/oracle pair",
    "timing": "separate CUDA events per launch; each end event is synchronized before the next launch"
  },
  "kv_major": null,
  "max_absolute_error": 0.007902860641479492,
  "mean_absolute_error": 0.00017903203843161464,
  "deterministic": true,
  "output_sha256": "e9399766068941b3b60329760c04b576c79cec38fd036c8cbdfe43cdf8da3a83",
  "relation_sha256": "0a2a06781755f5f577237a2e48c810cb160fd88db3295835458350f47ad61cbb",
  "semantic_erasure": {
    "source_semantics": [
      "top_k",
      "selected_exact_attention",
      "normalized_exponential",
      "causal_predicate"
    ],
    "lowering_steps": [
      {
        "source_semantic": "top_k",
        "generic_primitives": [
          "Contract",
          "DomainRestriction",
          "Relation"
        ]
      },
      {
        "source_semantic": "selected_exact_attention",
        "generic_primitives": [
          "RelationPlan",
          "Contract",
          "Map",
          "Fold",
          "DomainRestriction"
        ]
      },
      {
        "source_semantic": "normalized_exponential",
        "generic_primitives": [
          "Map",
          "Fold"
        ]
      },
      {
        "source_semantic": "causal_predicate",
        "generic_primitives": [
          "DomainRestriction"
        ]
      }
    ],
    "scheduling_keys": [
      "relation_selection:left_rank=2:right_rank=2:selected=8:accumulate=fp32",
      "domain_restriction:binary_affine_index_predicate",
      "relation_plan:runtime_binary_edges:dual_orientation",
      "contract:inputs=2:output_rank=4:reduction_rank=1:accumulate=fp32",
      "map:select(less_equal(input,input),multiply(input,constant),constant)",
      "fold:maximum:reduction_rank=1:accumulate=fp32",
      "map:subtract(input,input)",
      "map:exp(input)",
      "fold:sum:reduction_rank=1:accumulate=fp32",
      "contract:inputs=2:output_rank=4:reduction_rank=1:accumulate=fp32",
      "map:divide(input,input)"
    ],
    "validation_errors": []
  },
  "launch_manifest": {
    "generated_path": [
      "generic router Contract",
      "generic top-k Relation index generation",
      "generated SM90 QK/online-Fold/PV streaming skeleton"
    ],
    "expert_oracle_semantic_kernels": []
  },
  "benchmark_boundary": {
    "included": [
      "router Contract",
      "top-k/index plane",
      "selected exact attention"
    ],
    "excluded": [
      "QKV projection",
      "output projection"
    ],
    "oracle_requirement": "must include the identical router Contract and top-k/index plane",
    "legacy_seer_2_388208_ms_is_matched": false
  },
  "matched_expert_oracle": {
    "implementation": "pinned FlashMoBA precomputed-relation expert oracle",
    "revision": "39d9ac043b271d046a2181a9991e99a26b67bca1",
    "samples_ms": [
      5.293280124664307,
      5.338719844818115,
      5.276703834533691,
      5.341951847076416,
      5.337791919708252,
      5.337535858154297,
      5.264768123626709,
      5.305471897125244,
      5.256447792053223,
      5.319839954376221,
      5.254879951477051,
      5.3772478103637695,
      5.2748799324035645,
      5.313471794128418,
      5.2597761154174805,
      5.336480140686035,
      5.2626237869262695,
      5.333248138427734,
      5.253727912902832,
      5.301760196685791,
      5.254784107208252,
      5.30790376663208,
      5.245632171630859,
      5.353600025177002,
      5.25984001159668,
      5.313151836395264,
      5.234303951263428,
      5.3089919090271,
      5.2855682373046875,
      5.292895793914795
    ],
    "median_ms": 5.297520160675049,
    "maximum_absolute_difference_from_generated": 0.00390625,
    "mean_absolute_difference_from_generated": 6.517238216474652e-05,
    "deterministic": true,
    "output_sha256": "d4991478a94211c0a48b442259004f660efaa8f56c34c549b3f832f73067ee21",
    "generated_to_oracle_ratio": 0.1198507914926634,
    "matched_boundary": true,
    "attention_only": {
      "samples_ms": [
        4.903679847717285,
        4.895391941070557,
        4.937568187713623,
        4.874239921569824,
        4.906047821044922,
        4.8943681716918945,
        4.8863677978515625,
        4.93939208984375,
        4.869984149932861,
        4.869952201843262,
        4.885471820831299,
        4.948959827423096,
        4.89247989654541,
        4.914207935333252,
        4.927584171295166,
        4.885439872741699,
        4.878975868225098,
        4.887328147888184,
        4.899712085723877,
        4.874815940856934,
        4.876063823699951,
        4.930751800537109,
        4.8831682205200195,
        4.878176212310791,
        4.903359889984131,
        4.887872219085693,
        4.926591873168945,
        4.890111923217773,
        4.898943901062012,
        4.93507194519043
      ],
      "median_ms": 4.893424034118652,
      "router_only_samples_ms": [
        0.052000001072883606,
        0.04912000149488449,
        0.047839999198913574,
        0.046560000628232956,
        0.04636799916625023,
        0.045791998505592346,
        0.04495999962091446,
        0.044319998472929,
        0.04396799951791763,
        0.04444799944758415,
        0.04460800066590309,
        0.0453759990632534,
        0.04383999854326248,
        0.04662400111556053,
        0.04428799822926521,
        0.04371200129389763,
        0.04358400031924248,
        0.0432640016078949,
        0.04416000097990036,
        0.04371200129389763,
        0.04374400153756142,
        0.04396799951791763,
        0.044415999203920364,
        0.04374400153756142,
        0.04364800080657005,
        0.043487999588251114,
        0.04371200129389763,
        0.04368000105023384,
        0.04383999854326248,
        0.04396799951791763
      ],
      "router_only_median_ms": 0.044064000248909,
      "relation_reorientation_only_samples_ms": [
        0.22470399737358093,
        0.21593600511550903,
        0.21507200598716736,
        0.21846400201320648,
        0.22256000339984894,
        0.21385599672794342,
        0.21907199919223785,
        0.22038400173187256,
        0.21676799654960632,
        0.2130880057811737,
        0.21167999505996704,
        0.21596799790859222,
        0.21491199731826782,
        0.21209600567817688,
        0.2136320024728775,
        0.2104319930076599,
        0.21529600024223328,
        0.21132799983024597,
        0.211776003241539,
        0.21212799847126007,
        0.217631995677948,
        0.2128320038318634,
        0.21084800362586975,
        0.21113599836826324,
        0.21372799575328827,
        0.21247999370098114,
        0.2115519940853119,
        0.21164800226688385,
        0.20982399582862854,
        0.21772800385951996
      ],
      "relation_reorientation_only_median_ms": 0.21367999911308289,
      "excluded": [
        "router Contract",
        "top-k",
        "relation reorientation"
      ],
      "acceptance_denominator": false
    },
    "relation_adapter": {
      "source_relation": "query block -> selected KV block, shared across query heads",
      "physical_relation": "destination KV block -> sorted query-token rows, repeated across query heads",
      "col_offsets_shape": [
        1,
        32,
        128
      ],
      "col_nnz_shape": [
        1,
        32,
        128
      ],
      "row_indices_shape": [
        4079616
      ],
      "physical_query_group_size": 1024,
      "slot_order_policy": "erased to a selected set before exact normalized-exponential Fold",
      "routing_cost_in_full_boundary": true,
      "query_blocks_omitting_current_block": 95,
      "sampled_omitted_current_block": 127
    }
  }
}
