{
  "configuration": {
    "batch_size": 1,
    "block_v": 32,
    "chunk_size": 64,
    "decay_axes": "scalar",
    "heads": 32,
    "key_dimension": 128,
    "seed": 1234,
    "sequence_length": 2048,
    "update_rank": 1,
    "value_dimension": 128
  },
  "correctness": {
    "output": {
      "finite": true,
      "maximum_absolute_error": 0.00048828125,
      "maximum_relative_error": 168.64389038085938,
      "mean_absolute_error": 4.381766484584659e-05
    },
    "output_bitwise_repeat": true,
    "output_sha256": "cd50cafef5efc0aaa0d1da8cee81cb72b4b85fe3ec49b7eb0a0edb8f0dc7b54d",
    "reference": "compiler_owned_source_ordered_recurrent_skeleton",
    "state": {
      "finite": true,
      "maximum_absolute_error": 0.00028173066675662994,
      "maximum_relative_error": 105.9254379272461,
      "mean_absolute_error": 3.9742953958921134e-05
    },
    "state_bitwise_repeat": true,
    "state_sha256": "3457b0102534243c376cf224e2d87067bbef3ca1e61603b30e236b8f94825bf4"
  },
  "environment": {
    "compute_capability": [
      9,
      0
    ],
    "cuda_runtime": "12.8",
    "driver_and_clocks": "595.71.05, 1830 MHz, 2619 MHz, 700.00 W\n595.71.05, 345 MHz, 2619 MHz, 700.00 W\n595.71.05, 345 MHz, 2619 MHz, 700.00 W\n595.71.05, 345 MHz, 2619 MHz, 700.00 W\n595.71.05, 345 MHz, 2619 MHz, 700.00 W\n595.71.05, 345 MHz, 2619 MHz, 700.00 W\n595.71.05, 345 MHz, 2619 MHz, 700.00 W\n595.71.05, 345 MHz, 2619 MHz, 700.00 W",
    "gpu": "NVIDIA H100 80GB HBM3",
    "hostname": "g849b94",
    "python": "3.12.13",
    "torch": "2.8.0+cu128",
    "triton": "3.4.0"
  },
  "physical_summary": {
    "chunk_count": 32,
    "materialized_bytes": 84410368,
    "numerical_contract": "bounded_reassociation",
    "summary_rank": 64
  },
  "recovery": {
    "diagonal_scale_axes": [
      "batch",
      "head"
    ],
    "maximum_low_rank": 1,
    "term_signatures": [
      [
        "multiply"
      ],
      [
        "multiply",
        "contract[key]",
        "multiply",
        "contract[]"
      ]
    ],
    "transition_structure": "diagonal_plus_low_rank"
  },
  "schema_version": 1,
  "shuttle_revision": "4fba36752bdbfd28ad9a0ea8dee121bb382b21c9",
  "timing": {
    "combined": {
      "maximum_ms": 1.9670720100402832,
      "mean_ms": 1.9607859182357787,
      "median_ms": 1.9608319997787476,
      "minimum_ms": 1.9536960124969482,
      "samples_ms": [
        1.9573760032653809,
        1.9617919921875,
        1.9613440036773682,
        1.9623359441757202,
        1.9561280012130737,
        1.9603840112686157,
        1.9568959474563599,
        1.9642239809036255,
        1.958367943763733,
        1.9598079919815063,
        1.9608960151672363,
        1.9608319997787476,
        1.9598720073699951,
        1.9649920463562012,
        1.9610559940338135,
        1.9663360118865967,
        1.9623680114746094,
        1.9608319997787476,
        1.9588160514831543,
        1.962015986442566,
        1.960576057434082,
        1.960576057434082,
        1.958240032196045,
        1.9627840518951416,
        1.9536960124969482,
        1.9619200229644775,
        1.9550399780273438,
        1.9631999731063843,
        1.9592959880828857,
        1.963263988494873,
        1.9572160243988037,
        1.963744044303894,
        1.9595839977264404,
        1.9619200229644775,
        1.9588799476623535,
        1.9613440036773682,
        1.9605439901351929,
        1.9625600576400757,
        1.9561920166015625,
        1.964735984802246,
        1.9633599519729614,
        1.9630719423294067,
        1.960319995880127,
        1.9606399536132812,
        1.9591679573059082,
        1.9670720100402832,
        1.9567999839782715,
        1.962015986442566,
        1.9601279497146606,
        1.964735984802246
      ]
    },
    "execution": {
      "maximum_ms": 0.1653439998626709,
      "mean_ms": 0.15690944015979766,
      "median_ms": 0.1562880054116249,
      "minimum_ms": 0.15360000729560852,
      "samples_ms": [
        0.16121600568294525,
        0.16150400042533875,
        0.1597760021686554,
        0.16230399906635284,
        0.15987199544906616,
        0.1653439998626709,
        0.15971200168132782,
        0.15753600001335144,
        0.15593600273132324,
        0.15804800391197205,
        0.15670399367809296,
        0.15654399991035461,
        0.15680000185966492,
        0.1565759927034378,
        0.15945599973201752,
        0.15545600652694702,
        0.15625600516796112,
        0.15625600516796112,
        0.15775999426841736,
        0.15718400478363037,
        0.1568640023469925,
        0.15568000078201294,
        0.15596799552440643,
        0.15433600544929504,
        0.15564799308776855,
        0.15503999590873718,
        0.15695999562740326,
        0.15510399639606476,
        0.15622399747371674,
        0.1544959992170334,
        0.15561600029468536,
        0.1576319932937622,
        0.1554879993200302,
        0.15360000729560852,
        0.1549759954214096,
        0.15587200224399567,
        0.1552640050649643,
        0.15750400722026825,
        0.15532800555229187,
        0.15590399503707886,
        0.1554879993200302,
        0.15513600409030914,
        0.1546880006790161,
        0.15663999319076538,
        0.1563200056552887,
        0.1555519998073578,
        0.15663999319076538,
        0.15574400126934052,
        0.15891200304031372,
        0.1566080003976822
      ]
    },
    "preparation": {
      "maximum_ms": 1.8667839765548706,
      "mean_ms": 1.8266751956939697,
      "median_ms": 1.8249760270118713,
      "minimum_ms": 1.8225599527359009,
      "samples_ms": [
        1.8307199478149414,
        1.8302719593048096,
        1.824064016342163,
        1.8247679471969604,
        1.8237119913101196,
        1.8255679607391357,
        1.8264960050582886,
        1.8248000144958496,
        1.8228800296783447,
        1.8241920471191406,
        1.8248319625854492,
        1.8256319761276245,
        1.8237760066986084,
        1.8263360261917114,
        1.8233920335769653,
        1.8249280452728271,
        1.8245760202407837,
        1.826591968536377,
        1.8262720108032227,
        1.8227200508117676,
        1.8291840553283691,
        1.8234879970550537,
        1.8250240087509155,
        1.8243199586868286,
        1.8243520259857178,
        1.823583960533142,
        1.8263360261917114,
        1.8256640434265137,
        1.8237119913101196,
        1.8481279611587524,
        1.8295999765396118,
        1.8261439800262451,
        1.831455945968628,
        1.8246079683303833,
        1.8252160549163818,
        1.8263360261917114,
        1.8236479759216309,
        1.8263039588928223,
        1.8667839765548706,
        1.825760006904602,
        1.8244800567626953,
        1.8256319761276245,
        1.8225599527359009,
        1.8243199586868286,
        1.8271679878234863,
        1.822975993156433,
        1.8241280317306519,
        1.8239359855651855,
        1.8261439800262451,
        1.8262399435043335
      ]
    }
  }
}
