{
  "configuration": {
    "batch_size": 1,
    "block_v": 32,
    "chunk_size": 16,
    "decay_axes": "scalar",
    "heads": 32,
    "key_dimension": 128,
    "preparation_backend": "compile",
    "seed": 1234,
    "sequence_length": 2048,
    "update_rank": 1,
    "value_dimension": 128
  },
  "correctness": {
    "output": {
      "finite": true,
      "maximum_absolute_error": 0.00048828125,
      "maximum_relative_error": 211.33572387695312,
      "mean_absolute_error": 4.972463648300618e-05
    },
    "output_bitwise_repeat": true,
    "output_sha256": "e23ca6bd61397e74c025d2c5eda22279badc69218cd008f9e33b738236f147d7",
    "reference": "compiler_owned_source_ordered_recurrent_skeleton",
    "state": {
      "finite": true,
      "maximum_absolute_error": 0.0002839900553226471,
      "maximum_relative_error": 131.14498901367188,
      "mean_absolute_error": 3.950555401388556e-05
    },
    "state_bitwise_repeat": true,
    "state_sha256": "995b1b2f7b79d96e46ac8c63762e175a05a94e2d622b0c8485fa7513ec1c7a79"
  },
  "environment": {
    "compute_capability": [
      9,
      0
    ],
    "cuda_runtime": "12.8",
    "driver_and_clocks": "595.71.05, 1830 MHz, 2619 MHz, 700.00 W\n595.71.05, 345 MHz, 2619 MHz, 700.00 W\n595.71.05, 345 MHz, 2619 MHz, 700.00 W\n595.71.05, 345 MHz, 2619 MHz, 700.00 W\n595.71.05, 345 MHz, 2619 MHz, 700.00 W\n595.71.05, 345 MHz, 2619 MHz, 700.00 W\n595.71.05, 345 MHz, 2619 MHz, 700.00 W\n595.71.05, 345 MHz, 2619 MHz, 700.00 W",
    "gpu": "NVIDIA H100 80GB HBM3",
    "hostname": "g849b94",
    "python": "3.12.13",
    "torch": "2.8.0+cu128",
    "triton": "3.4.0"
  },
  "physical_summary": {
    "chunk_count": 128,
    "materialized_bytes": 85983232,
    "numerical_contract": "bounded_reassociation",
    "summary_rank": 16
  },
  "recovery": {
    "diagonal_scale_axes": [
      "batch",
      "head"
    ],
    "maximum_low_rank": 1,
    "term_signatures": [
      [
        "multiply"
      ],
      [
        "multiply",
        "contract[key]",
        "multiply",
        "contract[]"
      ]
    ],
    "transition_structure": "diagonal_plus_low_rank"
  },
  "schema_version": 1,
  "shuttle_revision": "4fba36752bdbfd28ad9a0ea8dee121bb382b21c9",
  "timing": {
    "combined": {
      "maximum_ms": 0.9945600032806396,
      "mean_ms": 0.9838585579395294,
      "median_ms": 0.984495997428894,
      "minimum_ms": 0.9736959934234619,
      "samples_ms": [
        0.9879680275917053,
        0.9857919812202454,
        0.9848960041999817,
        0.9802240133285522,
        0.9884480237960815,
        0.9866560101509094,
        0.9859520196914673,
        0.9880639910697937,
        0.9867519736289978,
        0.9809600114822388,
        0.9845119714736938,
        0.9838079810142517,
        0.9821119904518127,
        0.9780799746513367,
        0.9874879717826843,
        0.978655993938446,
        0.9836480021476746,
        0.9773439764976501,
        0.9891200065612793,
        0.9819520115852356,
        0.9813759922981262,
        0.9850239753723145,
        0.9848319888114929,
        0.9765759706497192,
        0.9807360172271729,
        0.9794560074806213,
        0.9804800152778625,
        0.9736959934234619,
        0.9772800207138062,
        0.9875199794769287,
        0.9833279848098755,
        0.9797120094299316,
        0.986303985118866,
        0.987392008304596,
        0.9799680113792419,
        0.9864000082015991,
        0.9873279929161072,
        0.980351984500885,
        0.9827839732170105,
        0.9788479804992676,
        0.9775040149688721,
        0.9832959771156311,
        0.9916480183601379,
        0.9849600195884705,
        0.9945600032806396,
        0.9871360063552856,
        0.994047999382019,
        0.9860799908638,
        0.987392008304596,
        0.9844800233840942
      ]
    },
    "execution": {
      "maximum_ms": 0.3471679985523224,
      "mean_ms": 0.3402623999118805,
      "median_ms": 0.34003201127052307,
      "minimum_ms": 0.3375360071659088,
      "samples_ms": [
        0.3471679985523224,
        0.3450559973716736,
        0.3431360125541687,
        0.34534400701522827,
        0.3450559973716736,
        0.3393920063972473,
        0.3413119912147522,
        0.34307199716567993,
        0.34121599793434143,
        0.3407039940357208,
        0.34060800075531006,
        0.33961600065231323,
        0.3413439989089966,
        0.34060800075531006,
        0.3391999900341034,
        0.34035199880599976,
        0.33907198905944824,
        0.3391680121421814,
        0.3401919901371002,
        0.3399040102958679,
        0.3386240005493164,
        0.3412480056285858,
        0.34003201127052307,
        0.34118399024009705,
        0.33823999762535095,
        0.33820798993110657,
        0.3401600122451782,
        0.3407360017299652,
        0.33820798993110657,
        0.34035199880599976,
        0.33772799372673035,
        0.3402880132198334,
        0.34003201127052307,
        0.3389439880847931,
        0.3418560028076172,
        0.3375360071659088,
        0.3381440043449402,
        0.3417919874191284,
        0.3389120101928711,
        0.3375680148601532,
        0.3388800024986267,
        0.3375360071659088,
        0.339136004447937,
        0.3401919901371002,
        0.3399359881877899,
        0.33855998516082764,
        0.3404160141944885,
        0.33961600065231323,
        0.33795198798179626,
        0.33958399295806885
      ]
    },
    "preparation": {
      "maximum_ms": 0.6815360188484192,
      "mean_ms": 0.6665350389480591,
      "median_ms": 0.6655679941177368,
      "minimum_ms": 0.6598719954490662,
      "samples_ms": [
        0.6815360188484192,
        0.6802880167961121,
        0.6750400066375732,
        0.6687039732933044,
        0.6668480038642883,
        0.6727359890937805,
        0.6624640226364136,
        0.6637439727783203,
        0.6681600213050842,
        0.6708160042762756,
        0.6687999963760376,
        0.6661760210990906,
        0.6618559956550598,
        0.6690880060195923,
        0.6683200001716614,
        0.6698880195617676,
        0.6619200110435486,
        0.6704319715499878,
        0.6640639901161194,
        0.6615039706230164,
        0.665120005607605,
        0.6652160286903381,
        0.6615359783172607,
        0.6635199785232544,
        0.6642879843711853,
        0.665440022945404,
        0.6621760129928589,
        0.6643840074539185,
        0.6674559712409973,
        0.6682239770889282,
        0.6642240285873413,
        0.66566401720047,
        0.6624000072479248,
        0.667136013507843,
        0.6661440134048462,
        0.6654719710350037,
        0.6605759859085083,
        0.6704319715499878,
        0.6615039706230164,
        0.6630399823188782,
        0.6681600213050842,
        0.671455979347229,
        0.6618239879608154,
        0.663424015045166,
        0.6756160259246826,
        0.6667199730873108,
        0.6598719954490662,
        0.6615679860115051,
        0.6606400012969971,
        0.6711360216140747
      ]
    }
  }
}
