{
  "configuration": {
    "batch_size": 1,
    "block_v": 64,
    "chunk_size": 16,
    "decay_axes": "scalar",
    "heads": 32,
    "key_dimension": 128,
    "preparation_backend": "compile",
    "seed": 1234,
    "sequence_length": 2048,
    "update_rank": 1,
    "value_dimension": 128
  },
  "correctness": {
    "output": {
      "finite": true,
      "maximum_absolute_error": 0.00048828125,
      "maximum_relative_error": 211.33572387695312,
      "mean_absolute_error": 4.972463648300618e-05
    },
    "output_bitwise_repeat": true,
    "output_sha256": "e23ca6bd61397e74c025d2c5eda22279badc69218cd008f9e33b738236f147d7",
    "reference": "compiler_owned_source_ordered_recurrent_skeleton",
    "state": {
      "finite": true,
      "maximum_absolute_error": 0.0002839900553226471,
      "maximum_relative_error": 131.14498901367188,
      "mean_absolute_error": 3.950555401388556e-05
    },
    "state_bitwise_repeat": true,
    "state_sha256": "995b1b2f7b79d96e46ac8c63762e175a05a94e2d622b0c8485fa7513ec1c7a79"
  },
  "environment": {
    "compute_capability": [
      9,
      0
    ],
    "cuda_runtime": "12.8",
    "driver_and_clocks": "595.71.05, 1830 MHz, 2619 MHz, 700.00 W\n595.71.05, 345 MHz, 2619 MHz, 700.00 W\n595.71.05, 345 MHz, 2619 MHz, 700.00 W\n595.71.05, 345 MHz, 2619 MHz, 700.00 W\n595.71.05, 345 MHz, 2619 MHz, 700.00 W\n595.71.05, 345 MHz, 2619 MHz, 700.00 W\n595.71.05, 345 MHz, 2619 MHz, 700.00 W\n595.71.05, 345 MHz, 2619 MHz, 700.00 W",
    "gpu": "NVIDIA H100 80GB HBM3",
    "hostname": "g849b94",
    "python": "3.12.13",
    "torch": "2.8.0+cu128",
    "triton": "3.4.0"
  },
  "physical_summary": {
    "chunk_count": 128,
    "materialized_bytes": 85983232,
    "numerical_contract": "bounded_reassociation",
    "summary_rank": 16
  },
  "recovery": {
    "diagonal_scale_axes": [
      "batch",
      "head"
    ],
    "maximum_low_rank": 1,
    "term_signatures": [
      [
        "multiply"
      ],
      [
        "multiply",
        "contract[key]",
        "multiply",
        "contract[]"
      ]
    ],
    "transition_structure": "diagonal_plus_low_rank"
  },
  "schema_version": 1,
  "shuttle_revision": "4fba36752bdbfd28ad9a0ea8dee121bb382b21c9",
  "timing": {
    "combined": {
      "maximum_ms": 0.9981759786605835,
      "mean_ms": 0.988588799238205,
      "median_ms": 0.9887039959430695,
      "minimum_ms": 0.9790719747543335,
      "samples_ms": [
        0.9981759786605835,
        0.9946879744529724,
        0.9863680005073547,
        0.9863359928131104,
        0.9917119741439819,
        0.9884480237960815,
        0.9921280145645142,
        0.9887679815292358,
        0.9925439953804016,
        0.9854720234870911,
        0.9870719909667969,
        0.9925439953804016,
        0.9881600141525269,
        0.9836480021476746,
        0.98716801404953,
        0.9926720261573792,
        0.9891840219497681,
        0.9819520115852356,
        0.9886400103569031,
        0.9897279739379883,
        0.9887999892234802,
        0.9871039986610413,
        0.9930559992790222,
        0.9906560182571411,
        0.993503987789154,
        0.9837759733200073,
        0.9837120175361633,
        0.9853760004043579,
        0.9858880043029785,
        0.9828799962997437,
        0.997215986251831,
        0.9906560182571411,
        0.9906880259513855,
        0.9919679760932922,
        0.9870719909667969,
        0.986847996711731,
        0.9863359928131104,
        0.9828799962997437,
        0.9891840219497681,
        0.9795839786529541,
        0.991424024105072,
        0.9873600006103516,
        0.9892479777336121,
        0.9917759895324707,
        0.9933120012283325,
        0.9790719747543335,
        0.9911680221557617,
        0.9848319888114929,
        0.9922559857368469,
        0.9864000082015991
      ]
    },
    "execution": {
      "maximum_ms": 0.4575999975204468,
      "mean_ms": 0.3490374422073364,
      "median_ms": 0.3467999994754791,
      "minimum_ms": 0.3436799943447113,
      "samples_ms": [
        0.35471999645233154,
        0.3495680093765259,
        0.3475840091705322,
        0.3497920036315918,
        0.3487040102481842,
        0.3495360016822815,
        0.3470720052719116,
        0.34620800614356995,
        0.3485119938850403,
        0.34755200147628784,
        0.3463999927043915,
        0.34703999757766724,
        0.3450559973716736,
        0.3468480110168457,
        0.34646400809288025,
        0.3463999927043915,
        0.347104012966156,
        0.34512001276016235,
        0.3479999899864197,
        0.34838399291038513,
        0.34678399562835693,
        0.3463680148124695,
        0.3447040021419525,
        0.34697601199150085,
        0.3447360098361969,
        0.3460479974746704,
        0.34652799367904663,
        0.34729599952697754,
        0.34694400429725647,
        0.3440000116825104,
        0.3449920117855072,
        0.3444480001926422,
        0.34591999650001526,
        0.3468160033226013,
        0.3471679985523224,
        0.34544000029563904,
        0.3436799943447113,
        0.3447040021419525,
        0.3489600121974945,
        0.34569600224494934,
        0.3470720052719116,
        0.3442560136318207,
        0.34544000029563904,
        0.344543993473053,
        0.34534400701522827,
        0.34649598598480225,
        0.4575999975204468,
        0.3503359854221344,
        0.348224014043808,
        0.34828799962997437
      ]
    },
    "preparation": {
      "maximum_ms": 0.6719679832458496,
      "mean_ms": 0.6627411186695099,
      "median_ms": 0.661760002374649,
      "minimum_ms": 0.6552000045776367,
      "samples_ms": [
        0.6717759966850281,
        0.6682239770889282,
        0.6663359999656677,
        0.6641280055046082,
        0.6719679832458496,
        0.6675519943237305,
        0.6655679941177368,
        0.6681920289993286,
        0.6591039896011353,
        0.6593919992446899,
        0.6637120246887207,
        0.6633599996566772,
        0.6623039841651917,
        0.6608319878578186,
        0.6636480093002319,
        0.663968026638031,
        0.6644799709320068,
        0.6670079827308655,
        0.6607679724693298,
        0.661728024482727,
        0.6708800196647644,
        0.6615679860115051,
        0.661408007144928,
        0.6646400094032288,
        0.6590080261230469,
        0.6615679860115051,
        0.6592959761619568,
        0.662335991859436,
        0.6596159934997559,
        0.6590399742126465,
        0.6598719954490662,
        0.6643199920654297,
        0.6591359972953796,
        0.6564480066299438,
        0.6615359783172607,
        0.6637759804725647,
        0.6647040247917175,
        0.660319983959198,
        0.661791980266571,
        0.6663359999656677,
        0.6592640280723572,
        0.6592640280723572,
        0.6653119921684265,
        0.6639360189437866,
        0.657696008682251,
        0.6610559821128845,
        0.6552000045776367,
        0.6616640090942383,
        0.6606079936027527,
        0.661408007144928
      ]
    }
  }
}
