{
  "configuration": {
    "batch_size": 1,
    "block_v": 32,
    "chunk_size": 16,
    "decay_axes": "scalar",
    "heads": 32,
    "key_dimension": 128,
    "preparation_backend": "compile",
    "seed": 1234,
    "sequence_length": 2048,
    "update_rank": 1,
    "value_dimension": 128
  },
  "correctness": {
    "output": {
      "finite": true,
      "maximum_absolute_error": 0.00048828125,
      "maximum_relative_error": 206.25442504882812,
      "mean_absolute_error": 4.798756344825961e-05
    },
    "output_bitwise_repeat": true,
    "output_sha256": "70922a0c6691d2822f09d5b82d42091e3121071c05e2dc00889a5bf22c32d9ae",
    "reference": "compiler_owned_source_ordered_recurrent_skeleton",
    "state": {
      "finite": true,
      "maximum_absolute_error": 0.00027612410485744476,
      "maximum_relative_error": 137.03016662597656,
      "mean_absolute_error": 3.955804277211428e-05
    },
    "state_bitwise_repeat": true,
    "state_sha256": "bdac77cb3b15e6cfc5f5befffdbd2ba16c07b05b010a9623e604e1db345cf04e"
  },
  "environment": {
    "compute_capability": [
      9,
      0
    ],
    "cuda_runtime": "12.8",
    "driver_and_clocks": "595.71.05, 1830 MHz, 2619 MHz, 700.00 W\n595.71.05, 345 MHz, 2619 MHz, 700.00 W\n595.71.05, 345 MHz, 2619 MHz, 700.00 W\n595.71.05, 345 MHz, 2619 MHz, 700.00 W\n595.71.05, 345 MHz, 2619 MHz, 700.00 W\n595.71.05, 345 MHz, 2619 MHz, 700.00 W\n595.71.05, 345 MHz, 2619 MHz, 700.00 W\n595.71.05, 345 MHz, 2619 MHz, 700.00 W",
    "gpu": "NVIDIA H100 80GB HBM3",
    "hostname": "g849b94",
    "python": "3.12.13",
    "torch": "2.8.0+cu128",
    "triton": "3.4.0"
  },
  "physical_summary": {
    "chunk_count": 128,
    "materialized_bytes": 85983232,
    "numerical_contract": "bounded_reassociation",
    "summary_rank": 16
  },
  "recovery": {
    "diagonal_scale_axes": [
      "batch",
      "head"
    ],
    "maximum_low_rank": 1,
    "term_signatures": [
      [
        "multiply"
      ],
      [
        "multiply",
        "contract[key]",
        "multiply",
        "contract[]"
      ]
    ],
    "transition_structure": "diagonal_plus_low_rank"
  },
  "schema_version": 1,
  "shuttle_revision": "4fba36752bdbfd28ad9a0ea8dee121bb382b21c9",
  "timing": {
    "combined": {
      "maximum_ms": 1.1382399797439575,
      "mean_ms": 1.1284896087646485,
      "median_ms": 1.1281920075416565,
      "minimum_ms": 1.121440052986145,
      "samples_ms": [
        1.1329920291900635,
        1.1338239908218384,
        1.1261440515518188,
        1.1225279569625854,
        1.127616047859192,
        1.1280319690704346,
        1.1282559633255005,
        1.1254080533981323,
        1.1244800090789795,
        1.1300159692764282,
        1.1274880170822144,
        1.1234240531921387,
        1.133344054222107,
        1.1284480094909668,
        1.129248023033142,
        1.1270719766616821,
        1.1256639957427979,
        1.1253759860992432,
        1.1317440271377563,
        1.1261440515518188,
        1.1253440380096436,
        1.1333760023117065,
        1.130560040473938,
        1.132159948348999,
        1.1277120113372803,
        1.1343040466308594,
        1.1285439729690552,
        1.128864049911499,
        1.1225600242614746,
        1.1361600160598755,
        1.1284480094909668,
        1.1285760402679443,
        1.1221760511398315,
        1.129855990409851,
        1.1267199516296387,
        1.124127984046936,
        1.121440052986145,
        1.1348799467086792,
        1.132256031036377,
        1.129855990409851,
        1.1382399797439575,
        1.1281280517578125,
        1.1242879629135132,
        1.1226880550384521,
        1.1342400312423706,
        1.1263680458068848,
        1.127295970916748,
        1.1331199407577515,
        1.1308159828186035,
        1.124127984046936
      ]
    },
    "execution": {
      "maximum_ms": 0.3457919955253601,
      "mean_ms": 0.33966272056102753,
      "median_ms": 0.3394560068845749,
      "minimum_ms": 0.3368000090122223,
      "samples_ms": [
        0.3456000089645386,
        0.34121599793434143,
        0.3457919955253601,
        0.34118399024009705,
        0.34115201234817505,
        0.3401919901371002,
        0.33900800347328186,
        0.33977600932121277,
        0.3413439989089966,
        0.3404479920864105,
        0.3404479920864105,
        0.33952000737190247,
        0.33881598711013794,
        0.34355199337005615,
        0.33904001116752625,
        0.33772799372673035,
        0.33744001388549805,
        0.33929601311683655,
        0.34067198634147644,
        0.34006398916244507,
        0.34095999598503113,
        0.33907198905944824,
        0.3415040075778961,
        0.3384000062942505,
        0.33904001116752625,
        0.340256005525589,
        0.3388479948043823,
        0.3393920063972473,
        0.3368000090122223,
        0.33769598603248596,
        0.33955198526382446,
        0.3370240032672882,
        0.33766400814056396,
        0.33900800347328186,
        0.33795198798179626,
        0.33715200424194336,
        0.3409920036792755,
        0.34031999111175537,
        0.3420799970626831,
        0.3399040102958679,
        0.3375360071659088,
        0.34012800455093384,
        0.33772799372673035,
        0.3383679986000061,
        0.33795198798179626,
        0.3373120129108429,
        0.33929601311683655,
        0.3399040102958679,
        0.33849599957466125,
        0.3405120074748993
      ]
    },
    "preparation": {
      "maximum_ms": 0.822048008441925,
      "mean_ms": 0.8101318407058716,
      "median_ms": 0.8098240196704865,
      "minimum_ms": 0.8034560084342957,
      "samples_ms": [
        0.822048008441925,
        0.8157439827919006,
        0.8131200075149536,
        0.8114879727363586,
        0.8137919902801514,
        0.8176640272140503,
        0.8128960132598877,
        0.8112319707870483,
        0.8100799918174744,
        0.812063992023468,
        0.8067200183868408,
        0.8097280263900757,
        0.8112959861755371,
        0.8094080090522766,
        0.8117759823799133,
        0.8067839741706848,
        0.8081600069999695,
        0.8085759878158569,
        0.8123840093612671,
        0.8081600069999695,
        0.8075839877128601,
        0.8061760067939758,
        0.8073920011520386,
        0.8110399842262268,
        0.8120319843292236,
        0.8079360127449036,
        0.8105599880218506,
        0.8071039915084839,
        0.8093119859695435,
        0.8084800243377686,
        0.8176320195198059,
        0.8082240223884583,
        0.8089280128479004,
        0.8094720244407654,
        0.8090879917144775,
        0.8085759878158569,
        0.8109760284423828,
        0.8063679933547974,
        0.8061439990997314,
        0.8034560084342957,
        0.8101119995117188,
        0.8103039860725403,
        0.809984028339386,
        0.807263970375061,
        0.811680018901825,
        0.8099200129508972,
        0.8092160224914551,
        0.8070719838142395,
        0.8108479976654053,
        0.810591995716095
      ]
    }
  }
}
