{
  "configuration": {
    "batch_size": 1,
    "block_v": 32,
    "chunk_size": 32,
    "decay_axes": "scalar",
    "heads": 32,
    "key_dimension": 128,
    "preparation_backend": "compile",
    "seed": 1234,
    "sequence_length": 2048,
    "update_rank": 1,
    "value_dimension": 128
  },
  "correctness": {
    "output": {
      "finite": true,
      "maximum_absolute_error": 0.00048828125,
      "maximum_relative_error": 247.74856567382812,
      "mean_absolute_error": 4.6552944695577025e-05
    },
    "output_bitwise_repeat": true,
    "output_sha256": "f2345f7fe6c56f4800d1c2f24646eea07d7bfdaee15458720032f06b796c0da2",
    "reference": "compiler_owned_source_ordered_recurrent_skeleton",
    "state": {
      "finite": true,
      "maximum_absolute_error": 0.00028863921761512756,
      "maximum_relative_error": 130.56060791015625,
      "mean_absolute_error": 3.972552076447755e-05
    },
    "state_bitwise_repeat": true,
    "state_sha256": "f67233c2075af8141328d1aaba1bde522c6b06e0ae287f15310ca710a836e88b"
  },
  "environment": {
    "compute_capability": [
      9,
      0
    ],
    "cuda_runtime": "12.8",
    "driver_and_clocks": "595.71.05, 1830 MHz, 2619 MHz, 700.00 W\n595.71.05, 345 MHz, 2619 MHz, 700.00 W\n595.71.05, 345 MHz, 2619 MHz, 700.00 W\n595.71.05, 345 MHz, 2619 MHz, 700.00 W\n595.71.05, 345 MHz, 2619 MHz, 700.00 W\n595.71.05, 345 MHz, 2619 MHz, 700.00 W\n595.71.05, 345 MHz, 2619 MHz, 700.00 W\n595.71.05, 345 MHz, 2619 MHz, 700.00 W",
    "gpu": "NVIDIA H100 80GB HBM3",
    "hostname": "g849b94",
    "python": "3.12.13",
    "torch": "2.8.0+cu128",
    "triton": "3.4.0"
  },
  "physical_summary": {
    "chunk_count": 64,
    "materialized_bytes": 84934656,
    "numerical_contract": "bounded_reassociation",
    "summary_rank": 32
  },
  "recovery": {
    "diagonal_scale_axes": [
      "batch",
      "head"
    ],
    "maximum_low_rank": 1,
    "term_signatures": [
      [
        "multiply"
      ],
      [
        "multiply",
        "contract[key]",
        "multiply",
        "contract[]"
      ]
    ],
    "transition_structure": "diagonal_plus_low_rank"
  },
  "schema_version": 1,
  "shuttle_revision": "4fba36752bdbfd28ad9a0ea8dee121bb382b21c9",
  "timing": {
    "combined": {
      "maximum_ms": 1.171231985092163,
      "mean_ms": 1.1633075213432311,
      "median_ms": 1.162671983242035,
      "minimum_ms": 1.157312035560608,
      "samples_ms": [
        1.1683520078659058,
        1.1663360595703125,
        1.1578880548477173,
        1.1649279594421387,
        1.1673280000686646,
        1.168544054031372,
        1.157312035560608,
        1.1592320203781128,
        1.167296051979065,
        1.1617920398712158,
        1.167423963546753,
        1.1667200326919556,
        1.1594560146331787,
        1.165824055671692,
        1.1606080532073975,
        1.1692479848861694,
        1.159168004989624,
        1.1616319417953491,
        1.170624017715454,
        1.1639360189437866,
        1.162559986114502,
        1.1602879762649536,
        1.1646720170974731,
        1.1611839532852173,
        1.1621439456939697,
        1.1667200326919556,
        1.1575360298156738,
        1.1615359783172607,
        1.1659519672393799,
        1.167296051979065,
        1.1608959436416626,
        1.1578880548477173,
        1.1696319580078125,
        1.1608959436416626,
        1.1590080261230469,
        1.1639039516448975,
        1.1619199514389038,
        1.1622079610824585,
        1.1614400148391724,
        1.1627839803695679,
        1.1643840074539185,
        1.1602239608764648,
        1.1616319417953491,
        1.164031982421875,
        1.1600960493087769,
        1.171231985092163,
        1.164736032485962,
        1.1629760265350342,
        1.158079981803894,
        1.1638720035552979
      ]
    },
    "execution": {
      "maximum_ms": 0.26790401339530945,
      "mean_ms": 0.2562707197666168,
      "median_ms": 0.25596800446510315,
      "minimum_ms": 0.2526719868183136,
      "samples_ms": [
        0.26790401339530945,
        0.25974398851394653,
        0.25644800066947937,
        0.25727999210357666,
        0.2586880028247833,
        0.25782400369644165,
        0.2567040026187897,
        0.254720002412796,
        0.2582400143146515,
        0.258432000875473,
        0.25760000944137573,
        0.255264014005661,
        0.25644800066947937,
        0.25417599081993103,
        0.25628799200057983,
        0.2534080147743225,
        0.25443199276924133,
        0.25727999210357666,
        0.25603199005126953,
        0.25753599405288696,
        0.2567040026187897,
        0.25465598702430725,
        0.25600001215934753,
        0.2556479871273041,
        0.255840003490448,
        0.2556160092353821,
        0.25459200143814087,
        0.2534720003604889,
        0.2553919851779938,
        0.25884801149368286,
        0.25548800826072693,
        0.2566719949245453,
        0.2567040026187897,
        0.2574079930782318,
        0.2542720139026642,
        0.2539840042591095,
        0.25808000564575195,
        0.2532159984111786,
        0.25468799471855164,
        0.25593599677085876,
        0.2543039917945862,
        0.2569600045681,
        0.2526719868183136,
        0.25465598702430725,
        0.25625601410865784,
        0.2551040053367615,
        0.2596159875392914,
        0.2555519938468933,
        0.25484800338745117,
        0.2559039890766144
      ]
    },
    "preparation": {
      "maximum_ms": 0.9376320242881775,
      "mean_ms": 0.9281260812282562,
      "median_ms": 0.9276959896087646,
      "minimum_ms": 0.921504020690918,
      "samples_ms": [
        0.9328320026397705,
        0.9353280067443848,
        0.9298880100250244,
        0.9272639751434326,
        0.9337599873542786,
        0.9376320242881775,
        0.9277759790420532,
        0.9280639886856079,
        0.9278720021247864,
        0.9368320107460022,
        0.9274560213088989,
        0.9271680116653442,
        0.924992024898529,
        0.9232640266418457,
        0.9319040179252625,
        0.9307519793510437,
        0.9246079921722412,
        0.921504020690918,
        0.9262400269508362,
        0.92876797914505,
        0.9268159866333008,
        0.9288960099220276,
        0.9306880235671997,
        0.9278720021247864,
        0.9247040152549744,
        0.9313279986381531,
        0.9290879964828491,
        0.9221760034561157,
        0.9305279850959778,
        0.9276160001754761,
        0.9248639941215515,
        0.925823986530304,
        0.9256640076637268,
        0.9267200231552124,
        0.9251199960708618,
        0.9258559942245483,
        0.928991973400116,
        0.9274880290031433,
        0.928704023361206,
        0.9283199906349182,
        0.9260479807853699,
        0.9281280040740967,
        0.9307199716567993,
        0.929535984992981,
        0.925599992275238,
        0.9268800020217896,
        0.9329599738121033,
        0.9234880208969116,
        0.9247999787330627,
        0.9269760251045227
      ]
    }
  }
}
