[06:16:42] task=/dlwh/shuttle-h100-contract-map-evidence-d164f54-v6/0 | h100_contract_map_source_payload.py: OK
[06:16:42] task=/dlwh/shuttle-h100-contract-map-evidence-d164f54-v6/0 | h100-evidence-source-manifest.json: OK
[06:18:01] task=/dlwh/shuttle-h100-contract-map-evidence-d164f54-v6/0 | Traceback (most recent call last):
[06:18:01] task=/dlwh/shuttle-h100-contract-map-evidence-d164f54-v6/0 |   File "/app/source/lib/tile_lifetime/benchmarks/h100_contract_map_backend_runner.py", line 2596, in <module>
[06:18:01] task=/dlwh/shuttle-h100-contract-map-evidence-d164f54-v6/0 |     main()
[06:18:01] task=/dlwh/shuttle-h100-contract-map-evidence-d164f54-v6/0 |   File "/app/source/lib/tile_lifetime/benchmarks/h100_contract_map_backend_runner.py", line 2578, in main
[06:18:01] task=/dlwh/shuttle-h100-contract-map-evidence-d164f54-v6/0 |     output = run_coordinator(
[06:18:01] task=/dlwh/shuttle-h100-contract-map-evidence-d164f54-v6/0 |              ^^^^^^^^^^^^^^^^
[06:18:01] task=/dlwh/shuttle-h100-contract-map-evidence-d164f54-v6/0 |   File "/app/source/lib/tile_lifetime/benchmarks/h100_contract_map_backend_runner.py", line 1648, in run_coordinator
[06:18:01] task=/dlwh/shuttle-h100-contract-map-evidence-d164f54-v6/0 |     case_result, trace_records = _run_profiled_case(
[06:18:01] task=/dlwh/shuttle-h100-contract-map-evidence-d164f54-v6/0 |                                  ^^^^^^^^^^^^^^^^^^^
[06:18:01] task=/dlwh/shuttle-h100-contract-map-evidence-d164f54-v6/0 |   File "/app/source/lib/tile_lifetime/benchmarks/h100_contract_map_backend_runner.py", line 1988, in _run_profiled_case
[06:18:01] task=/dlwh/shuttle-h100-contract-map-evidence-d164f54-v6/0 |     raise RuntimeError(f"Nsight Systems case worker failed: {command}: {completed.stdout}\n{completed.stderr}")
[06:18:01] task=/dlwh/shuttle-h100-contract-map-evidence-d164f54-v6/0 | RuntimeError: Nsight Systems case worker failed: ('/opt/nsight/opt/nvidia/nsight-systems/2026.1.3/target-linux-x64/nsys', 'profile', '--force-overwrite=true', '--trace=cuda,nvtx', '--capture-range=cudaProfilerApi', '--capture-range-end=stop', '--output', '/tmp/shuttle-h100-contract-map-evidence-d164f54-v6/cases/contract_map_9836cdbed389db24/steady_trace', '/opt/h100-evidence-runtime/bin/python', '/app/source/lib/tile_lifetime/benchmarks/h100_contract_map_backend_runner.py', '--worker', 'case', '--case-id', 'contract_map_9836cdbed389db24', '--backend', 'all', '--generated-manifest', '/tmp/shuttle-h100-contract-map-evidence-d164f54-v6/generated_manifest.json', '--json-output', '/tmp/shuttle-h100-contract-map-evidence-d164f54-v6/cases/contract_map_9836cdbed389db24/case_result.json', '--source-root', '/app/source', '--source-sha', 'd164f5406b6073f9ecb695fa0e242875692d3092', '--nvcc', '/usr/local/cuda-13.2/bin/nvcc', '--require-jax-version', '0.10.1', '--cache-kind', 'none', '--source-tree', '46c771a94c1df4a278b42229da6a5c299bf56c54', '--source-capsule-manifest', '/app/h100-evidence-source-manifest.json', '--source-capsule-manifest-sha256', '42739f9839d7ee8d7cdb7e1d6120153c65413413c95231901050b19fcb0fce45'): Processing events...
[06:18:01] task=/dlwh/shuttle-h100-contract-map-evidence-d164f54-v6/0 | Generated:
[06:18:01] task=/dlwh/shuttle-h100-contract-map-evidence-d164f54-v6/0 | 	No reports were generated
[06:18:01] task=/dlwh/shuttle-h100-contract-map-evidence-d164f54-v6/0 |
[06:18:01] task=/dlwh/shuttle-h100-contract-map-evidence-d164f54-v6/0 | Traceback (most recent call last):
[06:18:01] task=/dlwh/shuttle-h100-contract-map-evidence-d164f54-v6/0 |   File "/app/source/lib/tile_lifetime/benchmarks/h100_contract_map_backend_runner.py", line 2596, in <module>
[06:18:01] task=/dlwh/shuttle-h100-contract-map-evidence-d164f54-v6/0 |     main()
[06:18:01] task=/dlwh/shuttle-h100-contract-map-evidence-d164f54-v6/0 |   File "/app/source/lib/tile_lifetime/benchmarks/h100_contract_map_backend_runner.py", line 2562, in main
[06:18:01] task=/dlwh/shuttle-h100-contract-map-evidence-d164f54-v6/0 |     run_worker(args)
[06:18:01] task=/dlwh/shuttle-h100-contract-map-evidence-d164f54-v6/0 |   File "/app/source/lib/tile_lifetime/benchmarks/h100_contract_map_backend_runner.py", line 989, in run_worker
[06:18:01] task=/dlwh/shuttle-h100-contract-map-evidence-d164f54-v6/0 |     result = _run_case_worker(args, context, jax=jax)
[06:18:01] task=/dlwh/shuttle-h100-contract-map-evidence-d164f54-v6/0 |              ^^^^^^^^^^^^^^^^^^^^^^^^^^^^^^^^^^^^^^^^
[06:18:01] task=/dlwh/shuttle-h100-contract-map-evidence-d164f54-v6/0 |   File "/app/source/lib/tile_lifetime/benchmarks/h100_contract_map_backend_runner.py", line 1214, in _run_case_worker
[06:18:01] task=/dlwh/shuttle-h100-contract-map-evidence-d164f54-v6/0 |     numerical = _numerical_evidence(context, executables, jax=jax)
[06:18:01] task=/dlwh/shuttle-h100-contract-map-evidence-d164f54-v6/0 |                 ^^^^^^^^^^^^^^^^^^^^^^^^^^^^^^^^^^^^^^^^^^^^^^^^^^
[06:18:01] task=/dlwh/shuttle-h100-contract-map-evidence-d164f54-v6/0 |   File "/app/source/lib/tile_lifetime/benchmarks/h100_contract_map_backend_runner.py", line 1352, in _numerical_evidence
[06:18:01] task=/dlwh/shuttle-h100-contract-map-evidence-d164f54-v6/0 |     validate_backend_numerical_evidence(
[06:18:01] task=/dlwh/shuttle-h100-contract-map-evidence-d164f54-v6/0 |   File "/app/source/lib/tile_lifetime/src/tile_lifetime/h100_contract_map_benchmark.py", line 939, in validate_backend_numerical_evidence
[06:18:01] task=/dlwh/shuttle-h100-contract-map-evidence-d164f54-v6/0 |     _validate_numerical_output(
[06:18:01] task=/dlwh/shuttle-h100-contract-map-evidence-d164f54-v6/0 |   File "/app/source/lib/tile_lifetime/src/tile_lifetime/h100_contract_map_benchmark.py", line 824, in _validate_numerical_output
[06:18:01] task=/dlwh/shuttle-h100-contract-map-evidence-d164f54-v6/0 |     raise _numerical_floor_error(
[06:18:01] task=/dlwh/shuttle-h100-contract-map-evidence-d164f54-v6/0 | ValueError: immutable ordinary_xla numerical floor exceeded: case=contract_map_9836cdbed389db24 backend=ordinary_xla boundary=logical_training_step output=forward reference=real_algebra_fp64 metric=mean_ulp_distance measured=8.55948121645796 limit=0.25 maximum_absolute_error=0.001953989267349243 mean_absolute_error=0.0003520350146573037 maximum_ulp_distance=29298 mean_ulp_distance=8.55948121645796 nonfinite_values=0 repeat_count=3 repeat_identities_equal=true repeat_maximum_absolute_error=0.0 repeat_mean_absolute_error=0.0 repeat_maximum_ulp_distance=0 repeat_mean_ulp_distance=0.0
[06:18:01] task=/dlwh/shuttle-h100-contract-map-evidence-d164f54-v6/0 |
