{
  "acceptance": {
    "correctness_passes": true,
    "maximum_absolute_error_threshold": 0.125,
    "mean_absolute_error_threshold": 0.01,
    "oracle": "torch SDPA selected backend backward, matched causal GQA semantics",
    "passes": true,
    "performance_passes": true,
    "ratio": 1.1825979449855608,
    "threshold": 1.2
  },
  "benchmark": {
    "counterbalanced_order": true,
    "iterations_per_sample": 5,
    "repeats": 30,
    "warmups": 5
  },
  "component_measurements": {
    "execution_order": [
      [
        "output_dot",
        "query_cotangent",
        "key_value_cotangents"
      ],
      [
        "key_value_cotangents",
        "query_cotangent",
        "output_dot"
      ],
      [
        "output_dot",
        "query_cotangent",
        "key_value_cotangents"
      ],
      [
        "key_value_cotangents",
        "query_cotangent",
        "output_dot"
      ],
      [
        "output_dot",
        "query_cotangent",
        "key_value_cotangents"
      ],
      [
        "key_value_cotangents",
        "query_cotangent",
        "output_dot"
      ],
      [
        "output_dot",
        "query_cotangent",
        "key_value_cotangents"
      ],
      [
        "key_value_cotangents",
        "query_cotangent",
        "output_dot"
      ],
      [
        "output_dot",
        "query_cotangent",
        "key_value_cotangents"
      ],
      [
        "key_value_cotangents",
        "query_cotangent",
        "output_dot"
      ],
      [
        "output_dot",
        "query_cotangent",
        "key_value_cotangents"
      ],
      [
        "key_value_cotangents",
        "query_cotangent",
        "output_dot"
      ],
      [
        "output_dot",
        "query_cotangent",
        "key_value_cotangents"
      ],
      [
        "key_value_cotangents",
        "query_cotangent",
        "output_dot"
      ],
      [
        "output_dot",
        "query_cotangent",
        "key_value_cotangents"
      ],
      [
        "key_value_cotangents",
        "query_cotangent",
        "output_dot"
      ],
      [
        "output_dot",
        "query_cotangent",
        "key_value_cotangents"
      ],
      [
        "key_value_cotangents",
        "query_cotangent",
        "output_dot"
      ],
      [
        "output_dot",
        "query_cotangent",
        "key_value_cotangents"
      ],
      [
        "key_value_cotangents",
        "query_cotangent",
        "output_dot"
      ],
      [
        "output_dot",
        "query_cotangent",
        "key_value_cotangents"
      ],
      [
        "key_value_cotangents",
        "query_cotangent",
        "output_dot"
      ],
      [
        "output_dot",
        "query_cotangent",
        "key_value_cotangents"
      ],
      [
        "key_value_cotangents",
        "query_cotangent",
        "output_dot"
      ],
      [
        "output_dot",
        "query_cotangent",
        "key_value_cotangents"
      ],
      [
        "key_value_cotangents",
        "query_cotangent",
        "output_dot"
      ],
      [
        "output_dot",
        "query_cotangent",
        "key_value_cotangents"
      ],
      [
        "key_value_cotangents",
        "query_cotangent",
        "output_dot"
      ],
      [
        "output_dot",
        "query_cotangent",
        "key_value_cotangents"
      ],
      [
        "key_value_cotangents",
        "query_cotangent",
        "output_dot"
      ]
    ],
    "variants": {
      "key_value_cotangents": {
        "median_ms": 0.3143200039863586,
        "minimum_ms": 0.3136192083358765,
        "samples_ms": [
          0.3154304027557373,
          0.3152064085006714,
          0.3146239995956421,
          0.31441919803619384,
          0.3140160083770752,
          0.3139647960662842,
          0.3136192083358765,
          0.31439359188079835,
          0.31381759643554685,
          0.31409919261932373,
          0.314355206489563,
          0.3142143964767456,
          0.3164736032485962,
          0.313919997215271,
          0.31449599266052247,
          0.31517438888549804,
          0.31439359188079835,
          0.3144128084182739,
          0.314355206489563,
          0.3138816118240356,
          0.31500160694122314,
          0.3143167972564697,
          0.3143232107162476,
          0.3140160083770752,
          0.31432960033416746,
          0.31395840644836426,
          0.31386239528656007,
          0.3137408018112183,
          0.3137408018112183,
          0.3140928030014038
        ]
      },
      "output_dot": {
        "median_ms": 0.04047680050134658,
        "minimum_ms": 0.03960959911346436,
        "samples_ms": [
          0.04215039908885956,
          0.04110080003738403,
          0.03999359905719757,
          0.04081920087337494,
          0.0401856005191803,
          0.04092159867286682,
          0.040064001083374025,
          0.04097279906272888,
          0.03984639942646027,
          0.04042240083217621,
          0.04005120098590851,
          0.04053759872913361,
          0.040652799606323245,
          0.040428799390792844,
          0.040243199467658995,
          0.04328320026397705,
          0.04044800102710724,
          0.040870401263237,
          0.04012160003185272,
          0.040838399529457094,
          0.04005120098590851,
          0.040652799606323245,
          0.039680001139640805,
          0.04056319892406464,
          0.03960959911346436,
          0.040505599975585935,
          0.04017919898033142,
          0.040915200114250184,
          0.03985919952392578,
          0.040608000755310056
        ]
      },
      "query_cotangent": {
        "median_ms": 0.13628159761428832,
        "minimum_ms": 0.1352255940437317,
        "samples_ms": [
          0.13678079843521118,
          0.13619199991226197,
          0.13634560108184815,
          0.13651200532913207,
          0.13589119911193848,
          0.13557759523391724,
          0.13889919519424437,
          0.13675520420074463,
          0.13678079843521118,
          0.13725440502166747,
          0.1374079942703247,
          0.13698559999465942,
          0.13647359609603882,
          0.13617279529571533,
          0.13633279800415038,
          0.1364416003227234,
          0.13640320301055908,
          0.13598719835281373,
          0.1363711953163147,
          0.13544319868087767,
          0.13583359718322754,
          0.1364351987838745,
          0.1362048029899597,
          0.13560960292816163,
          0.13608959913253785,
          0.1353983998298645,
          0.13623039722442626,
          0.13556480407714844,
          0.13574399948120117,
          0.1352255940437317
        ]
      }
    }
  },
  "correctness": {
    "deterministic_hash": "ddbadfd93eb4ab378432f5cb2ba5717b4034edfa9aadd1629e532df825483e8f",
    "forward_output": {
      "maximum_absolute_error": 0.00390625,
      "mean_absolute_error": 8.995547977974638e-05
    },
    "key": {
      "maximum_absolute_error": 0.03125,
      "mean_absolute_error": 0.00024311020388267934
    },
    "query": {
      "maximum_absolute_error": 0.015625,
      "mean_absolute_error": 0.0001222259015776217
    },
    "value": {
      "maximum_absolute_error": 0.03125,
      "mean_absolute_error": 0.00014201727753970772
    }
  },
  "environment": {
    "cuda": "12.8",
    "device": "NVIDIA GB200",
    "jax": "0.11.0",
    "jax_semantic_export_platform": "cpu",
    "telemetry": "NVIDIA GB200, 595.71.05, 1200.00, 1950, 3996",
    "torch": "2.11.0+cu128",
    "triton": "3.6.0"
  },
  "measurements": {
    "execution_order": [
      [
        "generated",
        "oracle"
      ],
      [
        "oracle",
        "generated"
      ],
      [
        "generated",
        "oracle"
      ],
      [
        "oracle",
        "generated"
      ],
      [
        "generated",
        "oracle"
      ],
      [
        "oracle",
        "generated"
      ],
      [
        "generated",
        "oracle"
      ],
      [
        "oracle",
        "generated"
      ],
      [
        "generated",
        "oracle"
      ],
      [
        "oracle",
        "generated"
      ],
      [
        "generated",
        "oracle"
      ],
      [
        "oracle",
        "generated"
      ],
      [
        "generated",
        "oracle"
      ],
      [
        "oracle",
        "generated"
      ],
      [
        "generated",
        "oracle"
      ],
      [
        "oracle",
        "generated"
      ],
      [
        "generated",
        "oracle"
      ],
      [
        "oracle",
        "generated"
      ],
      [
        "generated",
        "oracle"
      ],
      [
        "oracle",
        "generated"
      ],
      [
        "generated",
        "oracle"
      ],
      [
        "oracle",
        "generated"
      ],
      [
        "generated",
        "oracle"
      ],
      [
        "oracle",
        "generated"
      ],
      [
        "generated",
        "oracle"
      ],
      [
        "oracle",
        "generated"
      ],
      [
        "generated",
        "oracle"
      ],
      [
        "oracle",
        "generated"
      ],
      [
        "generated",
        "oracle"
      ],
      [
        "oracle",
        "generated"
      ]
    ],
    "ratio_generated_to_oracle": 1.1825979449855608,
    "variants": {
      "generated": {
        "median_ms": 0.48402881622314453,
        "minimum_ms": 0.48000640869140626,
        "samples_ms": [
          0.4851200103759766,
          0.4869247913360596,
          0.480947208404541,
          0.4858687877655029,
          0.4803904056549072,
          0.48762879371643064,
          0.48067197799682615,
          0.48645758628845215,
          0.48056960105895996,
          0.4861248016357422,
          0.4810368061065674,
          0.48672637939453123,
          0.48032641410827637,
          0.4860032081604004,
          0.4803455829620361,
          0.48563199043273925,
          0.48058881759643557,
          0.4849535942077637,
          0.4831232070922852,
          0.48355841636657715,
          0.48000640869140626,
          0.48583040237426756,
          0.4805312156677246,
          0.48546562194824217,
          0.4803647994995117,
          0.48474879264831544,
          0.48010878562927245,
          0.48460798263549804,
          0.4803775787353516,
          0.4844992160797119
        ]
      },
      "oracle": {
        "median_ms": 0.40929279327392576,
        "minimum_ms": 0.40797438621521,
        "samples_ms": [
          0.40938239097595214,
          0.4091008186340332,
          0.41011838912963866,
          0.40838398933410647,
          0.41006717681884763,
          0.40865278244018555,
          0.40953598022460935,
          0.42208638191223147,
          0.41276798248291013,
          0.4081727981567383,
          0.4097407817840576,
          0.4096127986907959,
          0.41052799224853515,
          0.40844159126281737,
          0.4097087860107422,
          0.40898561477661133,
          0.41339521408081054,
          0.40901761054992675,
          0.4105663776397705,
          0.4090432167053223,
          0.41020798683166504,
          0.40814719200134275,
          0.413267183303833,
          0.40797438621521,
          0.4097152233123779,
          0.40830721855163576,
          0.40920319557189944,
          0.40883841514587405,
          0.4090240001678467,
          0.40813441276550294
        ]
      }
    }
  },
  "revisions": {
    "shuttle": "9cac1dd40b92f7c46c24b54a658078398438b890"
  },
  "schedule": {
    "atomic_accumulation": false,
    "block_m": 32,
    "block_n": 32,
    "domain_traversal": "lower_triangular",
    "key_value_fold_order": "query_row_major_mapped_head_minor_tree",
    "key_value_gradient_orientation": "key_value_major_grouped_query_rows",
    "num_stages": 3,
    "num_warps": 8,
    "query_gradient_orientation": "query_major_grouped_query_rows",
    "query_heads_per_key_value_tile": 4,
    "static_work": {
      "full_domain_query_gradient_contract_invocations": 98304,
      "full_domain_scalar_head_key_value_contract_invocations": 524288,
      "full_domain_scalar_head_query_gradient_contract_invocations": 393216,
      "fully_restricted_tile_pairs": 64512,
      "key_value_contract_invocation_reduction": 4.0,
      "key_value_contract_invocation_reduction_from_full_scalar": 7.876923076923077,
      "key_value_gradient_accumulator_elements": 8192,
      "key_value_gradient_contract_invocations": 66560,
      "logical_query_key_tile_pairs": 66560,
      "packed_query_rows": 128,
      "peak_query_tile_elements": 16384,
      "peak_score_tile_elements": 4096,
      "query_gradient_contract_invocation_reduction": 4.0,
      "query_gradient_contract_invocation_reduction_from_full_scalar": 7.876923076923077,
      "query_gradient_contract_invocations": 49920,
      "scalar_head_key_value_contract_invocations": 266240,
      "scalar_head_query_gradient_contract_invocations": 199680
    }
  },
  "schema_version": 1,
  "semantic_generation": {
    "accepted_frontend_boundary": "ordinary JAX causal GQA differentiated by jax.vjp and recovered from StableHLO",
    "materialized_values": [
      "cotangent.query",
      "cotangent.key",
      "cotangent.value"
    ],
    "maximum_vjp_rewrite": {
      "finite_precision_effect": "eliminates JAX's explicit equal-split maximum cotangent and changes operation order",
      "numerical_policy": "allow_rounding_reorder",
      "property": "normalized exponential is invariant to an additive row constant"
    },
    "physical_maximum_vjp": "normalized_exp_invariant",
    "provenance": "jax_vjp_hlo_recovery",
    "reassociation": "deterministic_tree",
    "recovered_operation_counts": {
      "broadcast_vjp_folds": 2,
      "contracts": 5,
      "domain_restrictions": 2,
      "maximum_vjp_tie_folds": 1,
      "normalized_exponential_folds": 2
    },
    "score_map_vjp": "{\"kind\":\"select\",\"operands\":[{\"kind\":\"less_equal\",\"operands\":[{\"input\":\"key.position\",\"kind\":\"input\"},{\"input\":\"query.position\",\"kind\":\"input\"}]},{\"constant\":0.0883883461,\"kind\":\"constant\"},{\"constant\":0.0,\"kind\":\"constant\"}]}",
    "semantic_source": "jax_vjp_hlo_recovery",
    "source_maximum_vjp": "jax_equal_split",
    "stages": [
      "load_query_and_state",
      "load_key_value",
      "recompute_qk",
      "recompute_probability",
      "dv_contract",
      "dp_contract",
      "score_map_vjp",
      "dq_contract",
      "dk_contract"
    ]
  },
  "source_sha256": "933237cfe7e3ccb8ab131e8068b0d132fb5c945b2287dcb5d6ebe8fb24ff03f8",
  "workload": {
    "dtype": "bfloat16",
    "head_dimension": 128,
    "key_value_heads": 8,
    "mutation": "causal",
    "query_heads": 32,
    "requested_score_scale": 0.08838834764831843,
    "semantic_score_scale": 0.0883883461,
    "sequence": 2048
  }
}
