{
  "configuration": {
    "batch_size": 1,
    "block_v": 32,
    "chunk_size": 64,
    "decay_axes": "scalar",
    "heads": 32,
    "key_dimension": 128,
    "seed": 1234,
    "sequence_length": 2048,
    "update_rank": 1,
    "value_dimension": 128
  },
  "correctness": {
    "forwarded_bytes": 50331648,
    "output": {
      "finite": true,
      "maximum_absolute_error": 0.00048828125,
      "maximum_relative_error": 232.61830139160156,
      "mean_absolute_error": 5.774995224783197e-05
    },
    "output_bitwise_repeat": true,
    "output_sha256": "2dc83c9aa56044409262a62a66c4837cfbb6445d48e297b2a43a964605acb0fe",
    "preparation_bytes": 76021760,
    "state": {
      "finite": true,
      "maximum_absolute_error": 0.0003696940839290619,
      "maximum_relative_error": 201.4961700439453,
      "mean_absolute_error": 5.127546319272369e-05
    },
    "state_bitwise_repeat": true,
    "state_sha256": "f49c882e4ccfb0f8b18a8aa0c1dc695e06309f08c5afee1168cb4d7c12235c61"
  },
  "environment": {
    "compute_capability": [
      9,
      0
    ],
    "cuda_runtime": "12.8",
    "driver_and_clocks": "595.71.05, 1830 MHz, 2619 MHz, 700.00 W",
    "gpu": "NVIDIA H100 80GB HBM3",
    "hostname": "g83d0f6",
    "python": "3.12.13",
    "torch": "2.8.0+cu128",
    "triton": "3.4.0"
  },
  "mutation_matrix": {
    "key_rank_1": {
      "forwarded_bytes": 4718592,
      "output": {
        "finite": true,
        "maximum_absolute_error": 0.0002593994140625,
        "maximum_relative_error": 101.36701202392578,
        "mean_absolute_error": 3.302226832602173e-05
      },
      "output_bitwise_repeat": true,
      "output_sha256": "5b073b60e5d53bc54746fac86e35930f7670c61d519903380fdbdadfbc1f6950",
      "preparation_bytes": 2228224,
      "state": {
        "finite": true,
        "maximum_absolute_error": 0.0003232024610042572,
        "maximum_relative_error": 139.98617553710938,
        "mean_absolute_error": 3.360297341714613e-05
      },
      "state_bitwise_repeat": true,
      "state_sha256": "bf176e26190210c28c92f230058cc2cb120bea5c55b6065672ad694082fd92c6"
    },
    "key_rank_2": {
      "forwarded_bytes": 5242880,
      "output": {
        "finite": true,
        "maximum_absolute_error": 0.00048828125,
        "maximum_relative_error": 111.6956558227539,
        "mean_absolute_error": 4.3471387471072376e-05
      },
      "output_bitwise_repeat": true,
      "output_sha256": "cbd55a8d6fa247ca6ed7356e6979f0cb129f5f7f25f3031c910b9f74b6028e4e",
      "preparation_bytes": 4521984,
      "state": {
        "finite": true,
        "maximum_absolute_error": 0.00035469047725200653,
        "maximum_relative_error": 97.37295532226562,
        "mean_absolute_error": 4.871868804912083e-05
      },
      "state_bitwise_repeat": true,
      "state_sha256": "5c3c390d29c09cc544f095ea92607c0f6ed410558a4aac4dd1a887dca7a1ad5e"
    },
    "scalar_rank_1": {
      "forwarded_bytes": 4718592,
      "output": {
        "finite": true,
        "maximum_absolute_error": 0.00048828125,
        "maximum_relative_error": 75.63829803466797,
        "mean_absolute_error": 3.310444299131632e-05
      },
      "output_bitwise_repeat": true,
      "output_sha256": "67af28cdd8ffc5632b43ecdb4f99841823c2dabb54826cb16ab5a21ede65bd35",
      "preparation_bytes": 2228224,
      "state": {
        "finite": true,
        "maximum_absolute_error": 0.00030853133648633957,
        "maximum_relative_error": 110.16129302978516,
        "mean_absolute_error": 3.36202974722255e-05
      },
      "state_bitwise_repeat": true,
      "state_sha256": "d7a13fe8ea2cab3c9d7db93ca61e4ff783e506ab3f215f2ccb8669dc26e12584"
    },
    "scalar_rank_2": {
      "forwarded_bytes": 5242880,
      "output": {
        "finite": true,
        "maximum_absolute_error": 0.00048828125,
        "maximum_relative_error": 170.41712951660156,
        "mean_absolute_error": 4.310035001253709e-05
      },
      "output_bitwise_repeat": true,
      "output_sha256": "c09779fda6dbfaad5188c893e5072f4104ded96800881220d3eba5f7bea8373e",
      "preparation_bytes": 4521984,
      "state": {
        "finite": true,
        "maximum_absolute_error": 0.00037008896470069885,
        "maximum_relative_error": 172.96005249023438,
        "mean_absolute_error": 4.8189111112151295e-05
      },
      "state_bitwise_repeat": true,
      "state_sha256": "48cd193fe147fa7a4601267c29af559d1bc148d313882c39c3e277aa6e7e49b8"
    }
  },
  "oracle": {
    "called_by_compiler_path": false,
    "combined_ratio": 1.1354263898297734,
    "median_ms": 0.5106240212917328,
    "name": "pinned_external_chunk_oracle",
    "target_1_2x_ms": 0.6127488255500793
  },
  "physical_buffers": {
    "chunk_count": 32,
    "forwarded_bytes": 50331648,
    "numerical_contract": "bounded_reassociation",
    "preparation_bytes": 76021760,
    "summary_rank": 64
  },
  "physical_stages": [
    "affine_intra_chunk_prepare",
    "affine_state_scan",
    "affine_readout"
  ],
  "provenance": {
    "external_kernel_imported": false,
    "source_sha256": {
      "benchmarks/h100_affine_chunk_pipeline.py": "5fd6ab32b12735a5e32b57973568ef4a555ea550f3aceb48226765e3dd00b6a3",
      "benchmarks/triton_affine_chunk_pipeline.py": "a3ae2141da8dd15b4bfb85b6fae3a22d108fbc619a309c232aeb673701c43839",
      "benchmarks/triton_affine_scan.py": "c410d304e941cfe5292bd1f727ba2af7485d33255f2952d5d728ffc2cfbe4d3b",
      "src/tile_lifetime/stablehlo_scan_recovery.py": "7a89983a5be0b387a8a936d1f46d00ee841ee51b7f696b2bc7cc9f17c2a2c630",
      "src/tile_lifetime/stateful_scan_recovery.py": "a92e487727cec8004832d9eb78fa4e96e808309aaa4c0f20a4209a014884bbdc"
    },
    "upstream_inspiration_files": [
      "fla/ops/gated_delta_rule/chunk_fwd.py",
      "fla/ops/common/chunk_delta_h.py",
      "fla/ops/common/chunk_o.py"
    ],
    "upstream_inspiration_revision": "9c8e42e762fce087c27b673af4922795d9edb85e"
  },
  "schema_version": 1,
  "shuttle_revision": "4fba36752bdbfd28ad9a0ea8dee121bb382b21c9",
  "stablehlo": {
    "bytes": 3927,
    "recovery": {
      "candidate_execution_forms": [
        "recurrent",
        "chunkwise",
        "chunkwise"
      ],
      "diagonal_scale_extents": [
        1,
        32
      ],
      "maximum_low_rank": 1,
      "source_operation_count": 19,
      "term_signatures": [
        [
          "multiply"
        ],
        [
          "multiply",
          "unary:convert",
          "contract[axis_3]",
          "multiply",
          "unary:convert",
          "contract[axis_2]"
        ]
      ],
      "transition_structure": "diagonal_plus_low_rank"
    },
    "sha256": "f60b1bc9bb8635cbe6d82120de820483a81be88e749dbcad631599933cbf8e4e"
  },
  "timing": {
    "affine_intra_chunk_prepare": {
      "maximum_ms": 0.4503360092639923,
      "mean_ms": 0.42338304162025453,
      "median_ms": 0.42291200160980225,
      "minimum_ms": 0.4203520119190216,
      "samples_ms": [
        0.4503360092639923,
        0.4216639995574951,
        0.4238080084323883,
        0.42265599966049194,
        0.4243839979171753,
        0.42131200432777405,
        0.42342400550842285,
        0.42233601212501526,
        0.42291200160980225,
        0.4237760007381439,
        0.42342400550842285,
        0.42291200160980225,
        0.42291200160980225,
        0.4217279851436615,
        0.42287999391555786,
        0.4232639968395233,
        0.42345601320266724,
        0.42182400822639465,
        0.42444801330566406,
        0.42105600237846375,
        0.4233280122280121,
        0.4203520119190216,
        0.42393600940704346,
        0.4233280122280121,
        0.4225279986858368,
        0.42211198806762695,
        0.4233599901199341,
        0.4230400025844574,
        0.4240959882736206,
        0.42105600237846375,
        0.4246399998664856,
        0.42204800248146057,
        0.42342400550842285,
        0.42268800735473633,
        0.4228479862213135,
        0.42211198806762695,
        0.4244160056114197,
        0.4219200015068054,
        0.4238719940185547,
        0.42105600237846375,
        0.42239999771118164,
        0.4217599928379059,
        0.4232960045337677,
        0.42316800355911255,
        0.4221760034561157,
        0.4225600063800812,
        0.42451199889183044,
        0.42233601212501526,
        0.42342400550842285,
        0.4228479862213135
      ]
    },
    "affine_readout": {
      "maximum_ms": 0.08895999938249588,
      "mean_ms": 0.07015808001160621,
      "median_ms": 0.06969600170850754,
      "minimum_ms": 0.06876800209283829,
      "samples_ms": [
        0.08895999938249588,
        0.06982400268316269,
        0.06960000097751617,
        0.07027199864387512,
        0.06924799829721451,
        0.06960000097751617,
        0.06982400268316269,
        0.0697920024394989,
        0.06876800209283829,
        0.07023999840021133,
        0.06963200122117996,
        0.06976000219583511,
        0.06960000097751617,
        0.06908799707889557,
        0.07068800181150436,
        0.06963200122117996,
        0.06886400282382965,
        0.06947200000286102,
        0.07023999840021133,
        0.06972800195217133,
        0.06956800073385239,
        0.070592001080513,
        0.07014399766921997,
        0.06876800209283829,
        0.07020799815654755,
        0.06982400268316269,
        0.0689919963479042,
        0.0695360004901886,
        0.0711359977722168,
        0.07023999840021133,
        0.06924799829721451,
        0.06998399645090103,
        0.07039999961853027,
        0.06934399902820587,
        0.0689919963479042,
        0.07056000083684921,
        0.07052800059318542,
        0.06921599805355072,
        0.06908799707889557,
        0.07119999825954437,
        0.07030399888753891,
        0.06921599805355072,
        0.06982400268316269,
        0.07062400132417679,
        0.06966400146484375,
        0.06960000097751617,
        0.06972800195217133,
        0.06966400146484375,
        0.06960000097751617,
        0.0692799985408783
      ]
    },
    "affine_state_scan": {
      "maximum_ms": 0.11187200248241425,
      "mean_ms": 0.08978496015071868,
      "median_ms": 0.08936000242829323,
      "minimum_ms": 0.08835200220346451,
      "samples_ms": [
        0.11187200248241425,
        0.08934400230646133,
        0.0904960036277771,
        0.0896959975361824,
        0.09062399715185165,
        0.0896959975361824,
        0.08972799777984619,
        0.08928000181913376,
        0.08988799899816513,
        0.08899199962615967,
        0.08985599875450134,
        0.08857599645853043,
        0.08953599631786346,
        0.0891840010881424,
        0.08963199704885483,
        0.08899199962615967,
        0.08988799899816513,
        0.08905600011348724,
        0.08953599631786346,
        0.08953599631786346,
        0.08928000181913376,
        0.08844800293445587,
        0.08915200084447861,
        0.08835200220346451,
        0.09014400094747543,
        0.08908800035715103,
        0.08848000317811966,
        0.08895999938249588,
        0.0891840010881424,
        0.08835200220346451,
        0.0899839997291565,
        0.08851200342178345,
        0.09071999788284302,
        0.08886399865150452,
        0.09008000046014786,
        0.088639996945858,
        0.08937600255012512,
        0.08851200342178345,
        0.08924800157546997,
        0.08873599767684937,
        0.0894400030374527,
        0.08988799899816513,
        0.09008000046014786,
        0.0891840010881424,
        0.0894400030374527,
        0.08873599767684937,
        0.0894400030374527,
        0.08940800279378891,
        0.0894400030374527,
        0.08867199718952179
      ]
    },
    "combined": {
      "maximum_ms": 0.6024640202522278,
      "mean_ms": 0.5803097617626191,
      "median_ms": 0.5797759890556335,
      "minimum_ms": 0.5773440003395081,
      "samples_ms": [
        0.6024640202522278,
        0.5799040198326111,
        0.5799999833106995,
        0.5794559717178345,
        0.5785599946975708,
        0.5789120197296143,
        0.5796480178833008,
        0.5793280005455017,
        0.5787839889526367,
        0.5794559717178345,
        0.5795519948005676,
        0.5788159966468811,
        0.5785599946975708,
        0.5818560123443604,
        0.5790719985961914,
        0.5809280276298523,
        0.5808320045471191,
        0.5798079967498779,
        0.5801600217819214,
        0.5797759890556335,
        0.5797119736671448,
        0.5794879794120789,
        0.5782399773597717,
        0.581279993057251,
        0.5782719850540161,
        0.5793280005455017,
        0.5802559852600098,
        0.5794879794120789,
        0.5809919834136963,
        0.5790719985961914,
        0.579200029373169,
        0.5818560123443604,
        0.5804160237312317,
        0.5799040198326111,
        0.5801920294761658,
        0.5796480178833008,
        0.5804160237312317,
        0.5806400179862976,
        0.5808320045471191,
        0.5814080238342285,
        0.5773440003395081,
        0.5797759890556335,
        0.5793280005455017,
        0.5797759890556335,
        0.5803520083427429,
        0.5782399773597717,
        0.5827839970588684,
        0.5806080102920532,
        0.5796160101890564,
        0.5811520218849182
      ]
    }
  }
}
