{
  "configuration": {
    "batch_size": 1,
    "block_v": 32,
    "chunk_size": 64,
    "decay_axes": "scalar",
    "heads": 32,
    "key_dimension": 128,
    "seed": 1234,
    "sequence_length": 2048,
    "update_rank": 1,
    "value_dimension": 128
  },
  "correctness": {
    "forwarded_bytes": 50331648,
    "output": {
      "finite": true,
      "maximum_absolute_error": 0.00048828125,
      "maximum_relative_error": 296.9354248046875,
      "mean_absolute_error": 5.776021862402558e-05
    },
    "output_bitwise_repeat": true,
    "output_sha256": "39b58bfda1b59832d0e2746efdddbb9039c383bf475d79b4dba58716cdb145a0",
    "preparation_bytes": 59244544,
    "state": {
      "finite": true,
      "maximum_absolute_error": 0.00036356598138809204,
      "maximum_relative_error": 191.49562072753906,
      "mean_absolute_error": 5.123978917254135e-05
    },
    "state_bitwise_repeat": true,
    "state_sha256": "71883a1b1bf73d7c9884f90e13919c966323c3580bd982bba731c7b93c014c6d"
  },
  "environment": {
    "compute_capability": [
      9,
      0
    ],
    "cuda_runtime": "12.8",
    "driver_and_clocks": "595.71.05, 1830 MHz, 2619 MHz, 700.00 W",
    "gpu": "NVIDIA H100 80GB HBM3",
    "hostname": "g83d0f6",
    "python": "3.12.13",
    "torch": "2.8.0+cu128",
    "triton": "3.4.0"
  },
  "mutation_matrix": {
    "key_rank_1": {
      "forwarded_bytes": 4718592,
      "output": {
        "finite": true,
        "maximum_absolute_error": 0.00048828125,
        "maximum_relative_error": 104.82221984863281,
        "mean_absolute_error": 3.301806646049954e-05
      },
      "output_bitwise_repeat": true,
      "output_sha256": "f4c66ee88a7e853018ff47589cbff1a35a1c899b9df978f0201f8ff7967cdfa3",
      "preparation_bytes": 1703936,
      "state": {
        "finite": true,
        "maximum_absolute_error": 0.000326305627822876,
        "maximum_relative_error": 140.1359405517578,
        "mean_absolute_error": 3.360427581355907e-05
      },
      "state_bitwise_repeat": true,
      "state_sha256": "07c0d5f280e32ef19068c10032ff475a113d3d949b4a804dee88bbf1bd7d3825"
    },
    "key_rank_2": {
      "forwarded_bytes": 5242880,
      "output": {
        "finite": true,
        "maximum_absolute_error": 0.00048828125,
        "maximum_relative_error": 111.6956558227539,
        "mean_absolute_error": 4.3451735109556466e-05
      },
      "output_bitwise_repeat": true,
      "output_sha256": "624bed35546f2df9c1b4d4d3574b47f6b31a26ae23d6faaacd1b886cdb97b8b9",
      "preparation_bytes": 3473408,
      "state": {
        "finite": true,
        "maximum_absolute_error": 0.00039916858077049255,
        "maximum_relative_error": 97.42813873291016,
        "mean_absolute_error": 4.8747839173302054e-05
      },
      "state_bitwise_repeat": true,
      "state_sha256": "7b8460270caee7ae50ccf47f512b66f8ca5a776c8347c29e9df73cb75996544f"
    },
    "scalar_rank_1": {
      "forwarded_bytes": 4718592,
      "output": {
        "finite": true,
        "maximum_absolute_error": 0.00048828125,
        "maximum_relative_error": 76.77777862548828,
        "mean_absolute_error": 3.309985913801938e-05
      },
      "output_bitwise_repeat": true,
      "output_sha256": "a2cacf095df58b68006d8e1d81a1112c835858895a9051a8101dc2a7157c00dc",
      "preparation_bytes": 1703936,
      "state": {
        "finite": true,
        "maximum_absolute_error": 0.00030956976115703583,
        "maximum_relative_error": 109.54801940917969,
        "mean_absolute_error": 3.362117422511801e-05
      },
      "state_bitwise_repeat": true,
      "state_sha256": "ec78a480768ce4b46c69c2cd8a0cebf50ad100b5f83958a94ea043c3d642c7f3"
    },
    "scalar_rank_2": {
      "forwarded_bytes": 5242880,
      "output": {
        "finite": true,
        "maximum_absolute_error": 0.00048828125,
        "maximum_relative_error": 158.0193634033203,
        "mean_absolute_error": 4.309380165068433e-05
      },
      "output_bitwise_repeat": true,
      "output_sha256": "f824b191e89e9454e1a46d290b73e7fe146270bb4514b3d8d2da9a3e91be454b",
      "preparation_bytes": 3473408,
      "state": {
        "finite": true,
        "maximum_absolute_error": 0.00035303086042404175,
        "maximum_relative_error": 178.69497680664062,
        "mean_absolute_error": 4.819428431801498e-05
      },
      "state_bitwise_repeat": true,
      "state_sha256": "c10ef42ec1cc476f59f2a01de0209b46a328a49ee87f76dc8fbf10555e4750be"
    }
  },
  "oracle": {
    "called_by_compiler_path": false,
    "combined_ratio": 1.484270209252538,
    "median_ms": 0.5106240212917328,
    "name": "pinned_external_chunk_oracle",
    "target_1_2x_ms": 0.6127488255500793
  },
  "physical_buffers": {
    "chunk_count": 32,
    "forwarded_bytes": 50331648,
    "numerical_contract": "bounded_reassociation",
    "preparation_bytes": 59244544,
    "summary_rank": 64
  },
  "physical_stages": [
    "affine_intra_chunk_prepare",
    "affine_state_scan",
    "affine_readout"
  ],
  "provenance": {
    "external_kernel_imported": false,
    "source_sha256": {
      "benchmarks/h100_affine_chunk_pipeline.py": "5fd6ab32b12735a5e32b57973568ef4a555ea550f3aceb48226765e3dd00b6a3",
      "benchmarks/triton_affine_chunk_pipeline.py": "3d841074c0247e4a47fe1d4eaefd537a6bcb4d8789e523fe2a456bd43d27cf14",
      "benchmarks/triton_affine_scan.py": "c410d304e941cfe5292bd1f727ba2af7485d33255f2952d5d728ffc2cfbe4d3b",
      "src/tile_lifetime/stablehlo_scan_recovery.py": "7a89983a5be0b387a8a936d1f46d00ee841ee51b7f696b2bc7cc9f17c2a2c630",
      "src/tile_lifetime/stateful_scan_recovery.py": "a92e487727cec8004832d9eb78fa4e96e808309aaa4c0f20a4209a014884bbdc"
    },
    "upstream_inspiration_files": [
      "fla/ops/gated_delta_rule/chunk_fwd.py",
      "fla/ops/common/chunk_delta_h.py",
      "fla/ops/common/chunk_o.py"
    ],
    "upstream_inspiration_revision": "9c8e42e762fce087c27b673af4922795d9edb85e"
  },
  "schema_version": 1,
  "shuttle_revision": "4fba36752bdbfd28ad9a0ea8dee121bb382b21c9",
  "stablehlo": {
    "bytes": 3927,
    "recovery": {
      "candidate_execution_forms": [
        "recurrent",
        "chunkwise",
        "chunkwise"
      ],
      "diagonal_scale_extents": [
        1,
        32
      ],
      "maximum_low_rank": 1,
      "source_operation_count": 19,
      "term_signatures": [
        [
          "multiply"
        ],
        [
          "multiply",
          "unary:convert",
          "contract[axis_3]",
          "multiply",
          "unary:convert",
          "contract[axis_2]"
        ]
      ],
      "transition_structure": "diagonal_plus_low_rank"
    },
    "sha256": "f60b1bc9bb8635cbe6d82120de820483a81be88e749dbcad631599933cbf8e4e"
  },
  "timing": {
    "affine_intra_chunk_prepare": {
      "maximum_ms": 0.629472017288208,
      "mean_ms": 0.5999059164524079,
      "median_ms": 0.5994560122489929,
      "minimum_ms": 0.59443199634552,
      "samples_ms": [
        0.629472017288208,
        0.5985599756240845,
        0.5994240045547485,
        0.59443199634552,
        0.5992000102996826,
        0.5996479988098145,
        0.6006720066070557,
        0.597823977470398,
        0.5980799794197083,
        0.5987840294837952,
        0.6005439758300781,
        0.597055971622467,
        0.5971519947052002,
        0.6033920049667358,
        0.602400004863739,
        0.6004160046577454,
        0.5998719930648804,
        0.6005759835243225,
        0.601248025894165,
        0.5983679890632629,
        0.599295973777771,
        0.5997120141983032,
        0.6040319800376892,
        0.5984320044517517,
        0.603007972240448,
        0.5995200276374817,
        0.5990719795227051,
        0.6005439758300781,
        0.600383996963501,
        0.5986239910125732,
        0.6013759970664978,
        0.5958399772644043,
        0.5989760160446167,
        0.5994880199432373,
        0.6005439758300781,
        0.595583975315094,
        0.597055971622467,
        0.6011520028114319,
        0.6008960008621216,
        0.5983999967575073,
        0.5974400043487549,
        0.5999360084533691,
        0.5983359813690186,
        0.5956799983978271,
        0.5978559851646423,
        0.6000000238418579,
        0.6012160181999207,
        0.5974079966545105,
        0.5995200276374817,
        0.5988479852676392
      ]
    },
    "affine_readout": {
      "maximum_ms": 0.09142400324344635,
      "mean_ms": 0.07034111976623535,
      "median_ms": 0.06993600353598595,
      "minimum_ms": 0.06844799965620041,
      "samples_ms": [
        0.09142400324344635,
        0.07097599655389786,
        0.0692799985408783,
        0.06883200258016586,
        0.07081600278615952,
        0.07020799815654755,
        0.06985600292682648,
        0.06943999975919724,
        0.0703359991312027,
        0.07100799679756165,
        0.069023996591568,
        0.0700799971818924,
        0.07014399766921997,
        0.0695360004901886,
        0.06943999975919724,
        0.06960000097751617,
        0.06972800195217133,
        0.06963200122117996,
        0.06972800195217133,
        0.06918399780988693,
        0.07094399631023407,
        0.06934399902820587,
        0.06998399645090103,
        0.0697920024394989,
        0.06905599683523178,
        0.06998399645090103,
        0.06966400146484375,
        0.06950400024652481,
        0.07030399888753891,
        0.07001599669456482,
        0.06995200365781784,
        0.07043199986219406,
        0.06943999975919724,
        0.07017599791288376,
        0.07020799815654755,
        0.06915199756622314,
        0.06982400268316269,
        0.07065600156784058,
        0.06985600292682648,
        0.06844799965620041,
        0.06992000341415405,
        0.07065600156784058,
        0.07068800181150436,
        0.0689919963479042,
        0.07068800181150436,
        0.07039999961853027,
        0.06985600292682648,
        0.07017599791288376,
        0.070592001080513,
        0.0700799971818924
      ]
    },
    "affine_state_scan": {
      "maximum_ms": 0.11472000181674957,
      "mean_ms": 0.09004992038011551,
      "median_ms": 0.08959999680519104,
      "minimum_ms": 0.08825600147247314,
      "samples_ms": [
        0.11472000181674957,
        0.09011200070381165,
        0.08908800035715103,
        0.08985599875450134,
        0.09020800143480301,
        0.09142400324344635,
        0.08966399729251862,
        0.08966399729251862,
        0.08959999680519104,
        0.08937600255012512,
        0.08985599875450134,
        0.09030400216579437,
        0.08940800279378891,
        0.08915200084447861,
        0.08832000195980072,
        0.08988799899816513,
        0.08851200342178345,
        0.09004800021648407,
        0.08879999816417694,
        0.0904960036277771,
        0.08928000181913376,
        0.09036800265312195,
        0.08928000181913376,
        0.08963199704885483,
        0.088639996945858,
        0.09001599997282028,
        0.08905600011348724,
        0.08921600133180618,
        0.08825600147247314,
        0.08899199962615967,
        0.08873599767684937,
        0.0894400030374527,
        0.08924800157546997,
        0.0904960036277771,
        0.0899839997291565,
        0.08921600133180618,
        0.08902399986982346,
        0.0902400016784668,
        0.08924800157546997,
        0.08979199826717377,
        0.08928000181913376,
        0.08988799899816513,
        0.08959999680519104,
        0.08982399851083755,
        0.08924800157546997,
        0.09046400338411331,
        0.08966399729251862,
        0.08982399851083755,
        0.0888959988951683,
        0.08915200084447861
      ]
    },
    "combined": {
      "maximum_ms": 0.779263973236084,
      "mean_ms": 0.7583078396320343,
      "median_ms": 0.7579040229320526,
      "minimum_ms": 0.7536320090293884,
      "samples_ms": [
        0.779263973236084,
        0.7583360075950623,
        0.7606080174446106,
        0.7573760151863098,
        0.7555199861526489,
        0.7591360211372375,
        0.7586240172386169,
        0.7597119808197021,
        0.7576000094413757,
        0.7540159821510315,
        0.7549120187759399,
        0.756384015083313,
        0.7588160037994385,
        0.7579200267791748,
        0.7584319710731506,
        0.7591680288314819,
        0.7594239711761475,
        0.755840003490448,
        0.7570880055427551,
        0.7595840096473694,
        0.7552639842033386,
        0.7594559788703918,
        0.7619839906692505,
        0.7579519748687744,
        0.7576320171356201,
        0.7578880190849304,
        0.7560960054397583,
        0.7586879730224609,
        0.7574399709701538,
        0.7595199942588806,
        0.7568640112876892,
        0.7591040134429932,
        0.7570559978485107,
        0.7572479844093323,
        0.7566080093383789,
        0.7587519884109497,
        0.756767988204956,
        0.7592960000038147,
        0.7573440074920654,
        0.7567039728164673,
        0.7606080174446106,
        0.7598400115966797,
        0.7568320035934448,
        0.7576000094413757,
        0.7612159848213196,
        0.7536320090293884,
        0.7595199942588806,
        0.7598720192909241,
        0.7567999958992004,
        0.7540479898452759
      ]
    }
  }
}
