{
  "configuration": {
    "batch_size": 1,
    "block_v": 32,
    "chunk_size": 64,
    "decay_axes": "scalar",
    "heads": 32,
    "input_family": "delta_rule",
    "key_dimension": 128,
    "seed": 1234,
    "sequence_length": 2048,
    "update_rank": 1,
    "value_dimension": 128
  },
  "correctness": {
    "forwarded_bytes": 50331648,
    "output": {
      "finite": true,
      "maximum_absolute_error": 0.00048828125,
      "maximum_relative_error": 236.9359130859375,
      "mean_absolute_error": 5.546353349927813e-05
    },
    "output_bitwise_repeat": true,
    "output_sha256": "92e9c7cadf2782f9cef99e45f957e5ed32da077ef7d54ea76f8443cf5d0704bd",
    "preparation_bytes": 76021760,
    "state": {
      "finite": true,
      "maximum_absolute_error": 0.0003494812408462167,
      "maximum_relative_error": 119.90003967285156,
      "mean_absolute_error": 4.895225356449373e-05
    },
    "state_bitwise_repeat": true,
    "state_sha256": "5983b13d88ea0ef29dc09666792db3c0f7d036c68895adf3b3ccb939a8910ca2"
  },
  "environment": {
    "compute_capability": [
      9,
      0
    ],
    "cuda_runtime": "12.8",
    "driver_and_clocks": "595.71.05, 1830 MHz, 2619 MHz, 700.00 W",
    "gpu": "NVIDIA H100 80GB HBM3",
    "hostname": "g83d0f6",
    "python": "3.12.13",
    "torch": "2.8.0+cu128",
    "triton": "3.4.0"
  },
  "matched_oracle": {
    "boundary": {
      "inputs": [
        "q",
        "k",
        "v",
        "log_decay",
        "beta",
        "initial_state"
      ],
      "outputs": [
        "output",
        "final_state"
      ],
      "qk_normalization": "none",
      "query_scale": 1.0
    },
    "called_by_generated_path": false,
    "generated": {
      "maximum_ms": 0.47142401337623596,
      "mean_ms": 0.4649017614126205,
      "median_ms": 0.46675199270248413,
      "minimum_ms": 0.4572159945964813,
      "samples_ms": [
        0.4695360064506531,
        0.47043201327323914,
        0.460671991109848,
        0.47142401337623596,
        0.46323201060295105,
        0.47017601132392883,
        0.46217599511146545,
        0.4686720073223114,
        0.458624005317688,
        0.46857601404190063,
        0.4620800018310547,
        0.46774399280548096,
        0.4572159945964813,
        0.4705280065536499,
        0.4572480022907257,
        0.4697920083999634,
        0.4599680006504059,
        0.469184011220932,
        0.4587840139865875,
        0.46825599670410156,
        0.4599039852619171,
        0.4697279930114746,
        0.4609279930591583,
        0.46720001101493835,
        0.45980799198150635,
        0.4688960015773773,
        0.46134400367736816,
        0.46851199865341187,
        0.4609600007534027,
        0.47043201327323914,
        0.46115198731422424,
        0.4668799936771393,
        0.4621120095252991,
        0.4679040014743805,
        0.4587840139865875,
        0.46934399008750916,
        0.461760014295578,
        0.4673280119895935,
        0.459199994802475,
        0.466623991727829,
        0.46031999588012695,
        0.4711039960384369,
        0.4590719938278198,
        0.46911999583244324,
        0.46083199977874756,
        0.47011199593544006,
        0.4603840112686157,
        0.470335990190506,
        0.4620479941368103,
        0.468639999628067
      ]
    },
    "name": "pinned_fla_chunk_gated_delta_rule",
    "oracle": {
      "maximum_ms": 0.45955199003219604,
      "mean_ms": 0.4200313585996628,
      "median_ms": 0.42052799463272095,
      "minimum_ms": 0.3957119882106781,
      "samples_ms": [
        0.43724799156188965,
        0.42188799381256104,
        0.44390401244163513,
        0.40140798687934875,
        0.44383999705314636,
        0.400191992521286,
        0.4381439983844757,
        0.4138239920139313,
        0.4365760087966919,
        0.45955199003219604,
        0.438400000333786,
        0.4092159867286682,
        0.4397760033607483,
        0.4042559862136841,
        0.44275200366973877,
        0.4084480106830597,
        0.4312320053577423,
        0.40406399965286255,
        0.43036800622940063,
        0.4139840006828308,
        0.40803200006484985,
        0.4036799967288971,
        0.4012799859046936,
        0.4179840087890625,
        0.4249599874019623,
        0.4041920006275177,
        0.43667200207710266,
        0.4016000032424927,
        0.4402880072593689,
        0.399616003036499,
        0.43430399894714355,
        0.4015359878540039,
        0.4373120069503784,
        0.3981119990348816,
        0.4219520092010498,
        0.3977600038051605,
        0.428384006023407,
        0.39763200283050537,
        0.4310399889945984,
        0.4050559997558594,
        0.4311999976634979,
        0.3988479971885681,
        0.4310719966888428,
        0.3957119882106781,
        0.44435200095176697,
        0.4132480025291443,
        0.42188799381256104,
        0.41916799545288086,
        0.41065600514411926,
        0.4249599874019623
      ]
    },
    "output_error": {
      "finite": true,
      "maximum_absolute_error": 0.00048828125,
      "maximum_relative_error": 232.364990234375,
      "mean_absolute_error": 5.270477049634792e-05
    },
    "ratio": 1.1099189558358276,
    "revision": "9c8e42e762fce087c27b673af4922795d9edb85e",
    "state_error": {
      "finite": true,
      "maximum_absolute_error": 0.00031542591750621796,
      "maximum_relative_error": 113.7845687866211,
      "mean_absolute_error": 4.4483465899247676e-05
    }
  },
  "mutation_matrix": {
    "key_rank_1": {
      "forwarded_bytes": 4718592,
      "output": {
        "finite": true,
        "maximum_absolute_error": 0.0002593994140625,
        "maximum_relative_error": 101.36701202392578,
        "mean_absolute_error": 3.302226832602173e-05
      },
      "output_bitwise_repeat": true,
      "output_sha256": "5b073b60e5d53bc54746fac86e35930f7670c61d519903380fdbdadfbc1f6950",
      "preparation_bytes": 2228224,
      "state": {
        "finite": true,
        "maximum_absolute_error": 0.0003232024610042572,
        "maximum_relative_error": 139.98617553710938,
        "mean_absolute_error": 3.360297341714613e-05
      },
      "state_bitwise_repeat": true,
      "state_sha256": "bf176e26190210c28c92f230058cc2cb120bea5c55b6065672ad694082fd92c6"
    },
    "key_rank_2": {
      "forwarded_bytes": 5242880,
      "output": {
        "finite": true,
        "maximum_absolute_error": 0.00048828125,
        "maximum_relative_error": 111.6956558227539,
        "mean_absolute_error": 4.3471387471072376e-05
      },
      "output_bitwise_repeat": true,
      "output_sha256": "cbd55a8d6fa247ca6ed7356e6979f0cb129f5f7f25f3031c910b9f74b6028e4e",
      "preparation_bytes": 4521984,
      "state": {
        "finite": true,
        "maximum_absolute_error": 0.00035469047725200653,
        "maximum_relative_error": 97.37295532226562,
        "mean_absolute_error": 4.871868804912083e-05
      },
      "state_bitwise_repeat": true,
      "state_sha256": "5c3c390d29c09cc544f095ea92607c0f6ed410558a4aac4dd1a887dca7a1ad5e"
    },
    "scalar_rank_1": {
      "forwarded_bytes": 4718592,
      "output": {
        "finite": true,
        "maximum_absolute_error": 0.00048828125,
        "maximum_relative_error": 75.63829803466797,
        "mean_absolute_error": 3.310444299131632e-05
      },
      "output_bitwise_repeat": true,
      "output_sha256": "67af28cdd8ffc5632b43ecdb4f99841823c2dabb54826cb16ab5a21ede65bd35",
      "preparation_bytes": 2228224,
      "state": {
        "finite": true,
        "maximum_absolute_error": 0.00030853133648633957,
        "maximum_relative_error": 110.16129302978516,
        "mean_absolute_error": 3.36202974722255e-05
      },
      "state_bitwise_repeat": true,
      "state_sha256": "d7a13fe8ea2cab3c9d7db93ca61e4ff783e506ab3f215f2ccb8669dc26e12584"
    },
    "scalar_rank_2": {
      "forwarded_bytes": 5242880,
      "output": {
        "finite": true,
        "maximum_absolute_error": 0.00048828125,
        "maximum_relative_error": 170.41712951660156,
        "mean_absolute_error": 4.310035001253709e-05
      },
      "output_bitwise_repeat": true,
      "output_sha256": "c09779fda6dbfaad5188c893e5072f4104ded96800881220d3eba5f7bea8373e",
      "preparation_bytes": 4521984,
      "state": {
        "finite": true,
        "maximum_absolute_error": 0.00037008896470069885,
        "maximum_relative_error": 172.96005249023438,
        "mean_absolute_error": 4.8189111112151295e-05
      },
      "state_bitwise_repeat": true,
      "state_sha256": "48cd193fe147fa7a4601267c29af559d1bc148d313882c39c3e277aa6e7e49b8"
    }
  },
  "oracle": {
    "called_by_compiler_path": false,
    "combined_ratio": 0.8606880510740851,
    "median_ms": 0.5106240212917328,
    "name": "pinned_external_chunk_oracle",
    "target_1_2x_ms": 0.6127488255500793
  },
  "physical_buffers": {
    "chunk_count": 32,
    "forwarded_bytes": 50331648,
    "numerical_contract": "bounded_reassociation",
    "preparation_bytes": 76021760,
    "summary_rank": 64
  },
  "physical_stages": [
    "affine_intra_chunk_prepare",
    "affine_state_scan",
    "affine_readout"
  ],
  "provenance": {
    "external_kernel_imported": false,
    "source_sha256": {
      "benchmarks/h100_affine_chunk_pipeline.py": "08e88499d92ac97995fdf1ad52269bd6cbf1e5e1d5cf2a1f2f299c5ef766690e",
      "benchmarks/triton_affine_chunk_pipeline.py": "eadaac0a5e783aa26c8692f87a5f99c9712481fa62a4fcdf6b87c8486004d071",
      "benchmarks/triton_affine_scan.py": "c410d304e941cfe5292bd1f727ba2af7485d33255f2952d5d728ffc2cfbe4d3b",
      "src/tile_lifetime/stablehlo_scan_recovery.py": "7a89983a5be0b387a8a936d1f46d00ee841ee51b7f696b2bc7cc9f17c2a2c630",
      "src/tile_lifetime/stateful_scan_recovery.py": "a92e487727cec8004832d9eb78fa4e96e808309aaa4c0f20a4209a014884bbdc"
    },
    "upstream_inspiration_files": [
      "fla/ops/gated_delta_rule/chunk_fwd.py",
      "fla/ops/common/chunk_delta_h.py",
      "fla/ops/common/chunk_o.py"
    ],
    "upstream_inspiration_revision": "9c8e42e762fce087c27b673af4922795d9edb85e"
  },
  "schema_version": 1,
  "shuttle_revision": "4fba36752bdbfd28ad9a0ea8dee121bb382b21c9+matched-fla-blockk64-dirty",
  "stablehlo": {
    "bytes": 3906,
    "recovery": {
      "candidate_execution_forms": [
        "recurrent",
        "chunkwise",
        "chunkwise"
      ],
      "diagonal_scale_extents": [
        1,
        32
      ],
      "maximum_low_rank": 1,
      "source_operation_count": 19,
      "term_signatures": [
        [
          "multiply"
        ],
        [
          "multiply",
          "unary:convert",
          "contract[axis_3]",
          "multiply",
          "unary:convert",
          "contract[axis_2]"
        ]
      ],
      "transition_structure": "diagonal_plus_low_rank"
    },
    "sha256": "b29264bbf50276785eecf79a26917be08a1f91906092222113a9ec34bf2875c2"
  },
  "timing": {
    "affine_intra_chunk_prepare": {
      "maximum_ms": 0.3126719892024994,
      "mean_ms": 0.2820268785953522,
      "median_ms": 0.28142400085926056,
      "minimum_ms": 0.27881601452827454,
      "samples_ms": [
        0.3126719892024994,
        0.2826240062713623,
        0.2826879918575287,
        0.28089600801467896,
        0.28195199370384216,
        0.2810559868812561,
        0.28224000334739685,
        0.2800639867782593,
        0.2826240062713623,
        0.28201600909233093,
        0.28095999360084534,
        0.28086400032043457,
        0.281823992729187,
        0.28064000606536865,
        0.2813439965248108,
        0.28035199642181396,
        0.2810879945755005,
        0.2807359993457794,
        0.28172799944877625,
        0.28118398785591125,
        0.28172799944877625,
        0.28176000714302063,
        0.28176000714302063,
        0.27932798862457275,
        0.28195199370384216,
        0.2821120023727417,
        0.28143998980522156,
        0.2813119888305664,
        0.28166401386260986,
        0.28140801191329956,
        0.2819199860095978,
        0.28019198775291443,
        0.2815999984741211,
        0.2818560004234314,
        0.2811200022697449,
        0.27881601452827454,
        0.28172799944877625,
        0.2809920012950897,
        0.28227201104164124,
        0.28329598903656006,
        0.2812480032444,
        0.2812480032444,
        0.2813119888305664,
        0.2802560031414032,
        0.282368004322052,
        0.2812480032444,
        0.28118398785591125,
        0.27961599826812744,
        0.2831999957561493,
        0.2818560004234314
      ]
    },
    "affine_readout": {
      "maximum_ms": 0.0891840010881424,
      "mean_ms": 0.07006784036755562,
      "median_ms": 0.0698080025613308,
      "minimum_ms": 0.06854400038719177,
      "samples_ms": [
        0.0891840010881424,
        0.06976000219583511,
        0.07017599791288376,
        0.06880000233650208,
        0.06950400024652481,
        0.07049600034952164,
        0.06995200365781784,
        0.06867200136184692,
        0.06963200122117996,
        0.06988800317049026,
        0.06988800317049026,
        0.0695360004901886,
        0.07056000083684921,
        0.07023999840021133,
        0.06864000111818314,
        0.06963200122117996,
        0.06985600292682648,
        0.06963200122117996,
        0.06985600292682648,
        0.07023999840021133,
        0.07023999840021133,
        0.069023996591568,
        0.06943999975919724,
        0.06976000219583511,
        0.07027199864387512,
        0.06854400038719177,
        0.07017599791288376,
        0.06988800317049026,
        0.070592001080513,
        0.06905599683523178,
        0.06943999975919724,
        0.0695360004901886,
        0.06880000233650208,
        0.06972800195217133,
        0.0700799971818924,
        0.06992000341415405,
        0.06940799951553345,
        0.06963200122117996,
        0.06956800073385239,
        0.06870400160551071,
        0.06892800331115723,
        0.07020799815654755,
        0.06998399645090103,
        0.06857600063085556,
        0.06988800317049026,
        0.07027199864387512,
        0.07014399766921997,
        0.0689919963479042,
        0.0703359991312027,
        0.07011199742555618
      ]
    },
    "affine_state_scan": {
      "maximum_ms": 0.11299200356006622,
      "mean_ms": 0.08844352021813393,
      "median_ms": 0.08796799927949905,
      "minimum_ms": 0.08684799820184708,
      "samples_ms": [
        0.11299200356006622,
        0.08854400366544724,
        0.08764799684286118,
        0.088639996945858,
        0.08848000317811966,
        0.08796799927949905,
        0.08848000317811966,
        0.08876799792051315,
        0.08787199854850769,
        0.088639996945858,
        0.08803199976682663,
        0.08796799927949905,
        0.08790399879217148,
        0.08684799820184708,
        0.08774399757385254,
        0.08764799684286118,
        0.08736000210046768,
        0.08806400001049042,
        0.08761599659919739,
        0.0878399983048439,
        0.0883840024471283,
        0.08828800171613693,
        0.08828800171613693,
        0.08774399757385254,
        0.08796799927949905,
        0.08902399986982346,
        0.08736000210046768,
        0.08745600283145905,
        0.08835200220346451,
        0.08806400001049042,
        0.08767999708652496,
        0.0880960002541542,
        0.08822400122880936,
        0.08822400122880936,
        0.08736000210046768,
        0.08726400136947632,
        0.08713600039482117,
        0.08832000195980072,
        0.08799999952316284,
        0.08835200220346451,
        0.08886399865150452,
        0.0883840024471283,
        0.08739200234413147,
        0.08745600283145905,
        0.08691199868917465,
        0.08748800307512283,
        0.08739200234413147,
        0.08816000074148178,
        0.08780799806118011,
        0.08767999708652496
      ]
    },
    "combined": {
      "maximum_ms": 0.4594239890575409,
      "mean_ms": 0.43989439606666564,
      "median_ms": 0.4394879937171936,
      "minimum_ms": 0.43775999546051025,
      "samples_ms": [
        0.4594239890575409,
        0.43913599848747253,
        0.44070398807525635,
        0.438975989818573,
        0.44044798612594604,
        0.4399679899215698,
        0.4387519955635071,
        0.4397119879722595,
        0.44012799859046936,
        0.43904000520706177,
        0.43987199664115906,
        0.43958398699760437,
        0.4392319917678833,
        0.43775999546051025,
        0.4399999976158142,
        0.43935999274253845,
        0.438975989818573,
        0.4397439956665039,
        0.43887999653816223,
        0.4381760060787201,
        0.43932801485061646,
        0.4395520091056824,
        0.4407680034637451,
        0.43987199664115906,
        0.4405120015144348,
        0.4392639994621277,
        0.4398399889469147,
        0.4399679899215698,
        0.4382399916648865,
        0.44044798612594604,
        0.4378879964351654,
        0.43913599848747253,
        0.4384639859199524,
        0.4394879937171936,
        0.4407680034637451,
        0.4392319917678833,
        0.4392000138759613,
        0.4399679899215698,
        0.4402880072593689,
        0.4402880072593689,
        0.4398399889469147,
        0.44099199771881104,
        0.4392639994621277,
        0.4387199878692627,
        0.4390079975128174,
        0.43862399458885193,
        0.4403519928455353,
        0.4386560022830963,
        0.43939200043678284,
        0.4394879937171936
      ]
    }
  }
}
