{
  "configuration": {
    "batch_size": 1,
    "block_v": 32,
    "chunk_size": 64,
    "decay_axes": "scalar",
    "heads": 32,
    "key_dimension": 128,
    "seed": 1234,
    "sequence_length": 2048,
    "update_rank": 1,
    "value_dimension": 128
  },
  "correctness": {
    "forwarded_bytes": 50331648,
    "output": {
      "finite": true,
      "maximum_absolute_error": 0.00048828125,
      "maximum_relative_error": 232.61830139160156,
      "mean_absolute_error": 5.774995224783197e-05
    },
    "output_bitwise_repeat": true,
    "output_sha256": "2dc83c9aa56044409262a62a66c4837cfbb6445d48e297b2a43a964605acb0fe",
    "preparation_bytes": 76021760,
    "state": {
      "finite": true,
      "maximum_absolute_error": 0.0003696940839290619,
      "maximum_relative_error": 201.4961700439453,
      "mean_absolute_error": 5.127546319272369e-05
    },
    "state_bitwise_repeat": true,
    "state_sha256": "f49c882e4ccfb0f8b18a8aa0c1dc695e06309f08c5afee1168cb4d7c12235c61"
  },
  "environment": {
    "compute_capability": [
      9,
      0
    ],
    "cuda_runtime": "12.8",
    "driver_and_clocks": "595.71.05, 1830 MHz, 2619 MHz, 700.00 W",
    "gpu": "NVIDIA H100 80GB HBM3",
    "hostname": "g83d0f6",
    "python": "3.12.13",
    "torch": "2.8.0+cu128",
    "triton": "3.4.0"
  },
  "mutation_matrix": {
    "key_rank_1": {
      "forwarded_bytes": 4718592,
      "output": {
        "finite": true,
        "maximum_absolute_error": 0.0002593994140625,
        "maximum_relative_error": 101.36701202392578,
        "mean_absolute_error": 3.302226832602173e-05
      },
      "output_bitwise_repeat": true,
      "output_sha256": "5b073b60e5d53bc54746fac86e35930f7670c61d519903380fdbdadfbc1f6950",
      "preparation_bytes": 2228224,
      "state": {
        "finite": true,
        "maximum_absolute_error": 0.0003232024610042572,
        "maximum_relative_error": 139.98617553710938,
        "mean_absolute_error": 3.360297341714613e-05
      },
      "state_bitwise_repeat": true,
      "state_sha256": "bf176e26190210c28c92f230058cc2cb120bea5c55b6065672ad694082fd92c6"
    },
    "key_rank_2": {
      "forwarded_bytes": 5242880,
      "output": {
        "finite": true,
        "maximum_absolute_error": 0.00048828125,
        "maximum_relative_error": 111.6956558227539,
        "mean_absolute_error": 4.3471387471072376e-05
      },
      "output_bitwise_repeat": true,
      "output_sha256": "cbd55a8d6fa247ca6ed7356e6979f0cb129f5f7f25f3031c910b9f74b6028e4e",
      "preparation_bytes": 4521984,
      "state": {
        "finite": true,
        "maximum_absolute_error": 0.00035469047725200653,
        "maximum_relative_error": 97.37295532226562,
        "mean_absolute_error": 4.871868804912083e-05
      },
      "state_bitwise_repeat": true,
      "state_sha256": "5c3c390d29c09cc544f095ea92607c0f6ed410558a4aac4dd1a887dca7a1ad5e"
    },
    "scalar_rank_1": {
      "forwarded_bytes": 4718592,
      "output": {
        "finite": true,
        "maximum_absolute_error": 0.00048828125,
        "maximum_relative_error": 75.63829803466797,
        "mean_absolute_error": 3.310444299131632e-05
      },
      "output_bitwise_repeat": true,
      "output_sha256": "67af28cdd8ffc5632b43ecdb4f99841823c2dabb54826cb16ab5a21ede65bd35",
      "preparation_bytes": 2228224,
      "state": {
        "finite": true,
        "maximum_absolute_error": 0.00030853133648633957,
        "maximum_relative_error": 110.16129302978516,
        "mean_absolute_error": 3.36202974722255e-05
      },
      "state_bitwise_repeat": true,
      "state_sha256": "d7a13fe8ea2cab3c9d7db93ca61e4ff783e506ab3f215f2ccb8669dc26e12584"
    },
    "scalar_rank_2": {
      "forwarded_bytes": 5242880,
      "output": {
        "finite": true,
        "maximum_absolute_error": 0.00048828125,
        "maximum_relative_error": 170.41712951660156,
        "mean_absolute_error": 4.310035001253709e-05
      },
      "output_bitwise_repeat": true,
      "output_sha256": "c09779fda6dbfaad5188c893e5072f4104ded96800881220d3eba5f7bea8373e",
      "preparation_bytes": 4521984,
      "state": {
        "finite": true,
        "maximum_absolute_error": 0.00037008896470069885,
        "maximum_relative_error": 172.96005249023438,
        "mean_absolute_error": 4.8189111112151295e-05
      },
      "state_bitwise_repeat": true,
      "state_sha256": "48cd193fe147fa7a4601267c29af559d1bc148d313882c39c3e277aa6e7e49b8"
    }
  },
  "oracle": {
    "called_by_compiler_path": false,
    "combined_ratio": 1.135614440291031,
    "median_ms": 0.5106240212917328,
    "name": "pinned_external_chunk_oracle",
    "target_1_2x_ms": 0.6127488255500793
  },
  "physical_buffers": {
    "chunk_count": 32,
    "forwarded_bytes": 50331648,
    "numerical_contract": "bounded_reassociation",
    "preparation_bytes": 76021760,
    "summary_rank": 64
  },
  "physical_stages": [
    "affine_intra_chunk_prepare",
    "affine_state_scan",
    "affine_readout"
  ],
  "provenance": {
    "external_kernel_imported": false,
    "source_sha256": {
      "benchmarks/h100_affine_chunk_pipeline.py": "5fd6ab32b12735a5e32b57973568ef4a555ea550f3aceb48226765e3dd00b6a3",
      "benchmarks/triton_affine_chunk_pipeline.py": "a3ae2141da8dd15b4bfb85b6fae3a22d108fbc619a309c232aeb673701c43839",
      "benchmarks/triton_affine_scan.py": "c410d304e941cfe5292bd1f727ba2af7485d33255f2952d5d728ffc2cfbe4d3b",
      "src/tile_lifetime/stablehlo_scan_recovery.py": "7a89983a5be0b387a8a936d1f46d00ee841ee51b7f696b2bc7cc9f17c2a2c630",
      "src/tile_lifetime/stateful_scan_recovery.py": "a92e487727cec8004832d9eb78fa4e96e808309aaa4c0f20a4209a014884bbdc"
    },
    "upstream_inspiration_files": [
      "fla/ops/gated_delta_rule/chunk_fwd.py",
      "fla/ops/common/chunk_delta_h.py",
      "fla/ops/common/chunk_o.py"
    ],
    "upstream_inspiration_revision": "9c8e42e762fce087c27b673af4922795d9edb85e"
  },
  "schema_version": 1,
  "shuttle_revision": "4fba36752bdbfd28ad9a0ea8dee121bb382b21c9+blocked-inverse-dirty",
  "stablehlo": {
    "bytes": 3905,
    "recovery": {
      "candidate_execution_forms": [
        "recurrent",
        "chunkwise",
        "chunkwise"
      ],
      "diagonal_scale_extents": [
        1,
        32
      ],
      "maximum_low_rank": 1,
      "source_operation_count": 19,
      "term_signatures": [
        [
          "multiply"
        ],
        [
          "multiply",
          "unary:convert",
          "contract[axis_3]",
          "multiply",
          "unary:convert",
          "contract[axis_2]"
        ]
      ],
      "transition_structure": "diagonal_plus_low_rank"
    },
    "sha256": "fd9364918a4e1bf2f99bd87a0ab0640aba68eaf2a1368ec5111b38f66561b572"
  },
  "timing": {
    "affine_intra_chunk_prepare": {
      "maximum_ms": 0.4482879936695099,
      "mean_ms": 0.4236563187837601,
      "median_ms": 0.42339199781417847,
      "minimum_ms": 0.4211199879646301,
      "samples_ms": [
        0.4482879936695099,
        0.4211199879646301,
        0.4243200123310089,
        0.4228160083293915,
        0.42339199781417847,
        0.42233601212501526,
        0.42262399196624756,
        0.4235840141773224,
        0.4236159920692444,
        0.4225600063800812,
        0.4235199987888336,
        0.42422398924827576,
        0.42294400930404663,
        0.42182400822639465,
        0.4243839979171753,
        0.42339199781417847,
        0.422432005405426,
        0.42233601212501526,
        0.42371198534965515,
        0.4220159947872162,
        0.42447999119758606,
        0.42265599966049194,
        0.42342400550842285,
        0.4214720129966736,
        0.423007994890213,
        0.4238719940185547,
        0.42320001125335693,
        0.42287999391555786,
        0.4236159920692444,
        0.4235199987888336,
        0.42348799109458923,
        0.4231039881706238,
        0.4223040044307709,
        0.42419201135635376,
        0.4235199987888336,
        0.4240959882736206,
        0.42348799109458923,
        0.42265599966049194,
        0.4239040017127991,
        0.42320001125335693,
        0.4238719940185547,
        0.4227199852466583,
        0.4238399863243103,
        0.4224959909915924,
        0.423007994890213,
        0.4236159920692444,
        0.42364799976348877,
        0.4240320026874542,
        0.4225279986858368,
        0.42153599858283997
      ]
    },
    "affine_readout": {
      "maximum_ms": 0.08966399729251862,
      "mean_ms": 0.07017983987927437,
      "median_ms": 0.06984000280499458,
      "minimum_ms": 0.06880000233650208,
      "samples_ms": [
        0.08966399729251862,
        0.06940799951553345,
        0.06889600306749344,
        0.07017599791288376,
        0.06992000341415405,
        0.0700799971818924,
        0.06911999732255936,
        0.07014399766921997,
        0.06982400268316269,
        0.06992000341415405,
        0.07004799693822861,
        0.0700799971818924,
        0.07027199864387512,
        0.06880000233650208,
        0.07020799815654755,
        0.06972800195217133,
        0.06937599927186966,
        0.0697920024394989,
        0.06985600292682648,
        0.0700799971818924,
        0.06931199878454208,
        0.07065600156784058,
        0.06998399645090103,
        0.06924799829721451,
        0.06947200000286102,
        0.06988800317049026,
        0.07065600156784058,
        0.06931199878454208,
        0.07014399766921997,
        0.0697920024394989,
        0.06998399645090103,
        0.06905599683523178,
        0.0700799971818924,
        0.0695360004901886,
        0.06937599927186966,
        0.06940799951553345,
        0.07043199986219406,
        0.06976000219583511,
        0.06992000341415405,
        0.06976000219583511,
        0.06985600292682648,
        0.06943999975919724,
        0.06940799951553345,
        0.07036799937486649,
        0.0697920024394989,
        0.06924799829721451,
        0.06921599805355072,
        0.07043199986219406,
        0.07043199986219406,
        0.06963200122117996
      ]
    },
    "affine_state_scan": {
      "maximum_ms": 0.1138560026884079,
      "mean_ms": 0.08926271945238114,
      "median_ms": 0.08870399743318558,
      "minimum_ms": 0.08771199733018875,
      "samples_ms": [
        0.1138560026884079,
        0.08921600133180618,
        0.08873599767684937,
        0.08860799670219421,
        0.09017600119113922,
        0.08822400122880936,
        0.08870399743318558,
        0.08873599767684937,
        0.08934400230646133,
        0.08771199733018875,
        0.08912000060081482,
        0.08873599767684937,
        0.08905600011348724,
        0.08870399743318558,
        0.08857599645853043,
        0.08806400001049042,
        0.08947200328111649,
        0.08854400366544724,
        0.08931200206279755,
        0.08905600011348724,
        0.08873599767684937,
        0.08844800293445587,
        0.08870399743318558,
        0.0891840010881424,
        0.08905600011348724,
        0.08848000317811966,
        0.08857599645853043,
        0.08819200098514557,
        0.08816000074148178,
        0.088639996945858,
        0.08883199840784073,
        0.08886399865150452,
        0.08892799913883209,
        0.08857599645853043,
        0.088639996945858,
        0.088639996945858,
        0.08975999802350998,
        0.08806400001049042,
        0.08860799670219421,
        0.08860799670219421,
        0.08956799656152725,
        0.08793599903583527,
        0.08870399743318558,
        0.08790399879217148,
        0.08988799899816513,
        0.08851200342178345,
        0.08895999938249588,
        0.08828800171613693,
        0.08934400230646133,
        0.0883840024471283
      ]
    },
    "combined": {
      "maximum_ms": 0.6025919914245605,
      "mean_ms": 0.580373123884201,
      "median_ms": 0.5798720121383667,
      "minimum_ms": 0.5776640176773071,
      "samples_ms": [
        0.6025919914245605,
        0.5799040198326111,
        0.5796800255775452,
        0.5796480178833008,
        0.5792639851570129,
        0.582207977771759,
        0.5816640257835388,
        0.5787839889526367,
        0.5809919834136963,
        0.5819519758224487,
        0.5800960063934326,
        0.5805439949035645,
        0.5811520218849182,
        0.577888011932373,
        0.5794559717178345,
        0.5801600217819214,
        0.5789440274238586,
        0.5790719985961914,
        0.5786880254745483,
        0.5801920294761658,
        0.580128014087677,
        0.5787519812583923,
        0.5805760025978088,
        0.5798400044441223,
        0.5789759755134583,
        0.5818880200386047,
        0.5795519948005676,
        0.5803200006484985,
        0.5801920294761658,
        0.5776640176773071,
        0.5788159966468811,
        0.5788159966468811,
        0.5802239775657654,
        0.5820800065994263,
        0.5802879929542542,
        0.5798079967498779,
        0.5796800255775452,
        0.5802559852600098,
        0.5798400044441223,
        0.5801600217819214,
        0.578112006187439,
        0.5793280005455017,
        0.578656017780304,
        0.5796480178833008,
        0.5818560123443604,
        0.5803200006484985,
        0.5797439813613892,
        0.5801600217819214,
        0.5792639851570129,
        0.5808320045471191
      ]
    }
  }
}
