{
  "benchmark": "shuttle_natural_routed_streaming_attention_sm90",
  "source": "ordinary JAX -> StableHLO -> Relation/Contract/Map/DomainRestriction/Fold",
  "configuration": {
    "sequence": 16384,
    "block": 128,
    "slots": 8,
    "router_dimension": 64,
    "seed": 1701,
    "warmups": 10,
    "repeats": 30,
    "include_block_sparse_oracle": true,
    "include_kv_major": false,
    "kv_query_capacity": 2,
    "include_kv_capacity_mutation": false,
    "json_output": "/tmp/sparse-counterbalanced-2.json"
  },
  "hardware": "NVIDIA H100 80GB HBM3, 595.71.05, 700.00 W, 1830 MHz, 2619 MHz",
  "torch": "2.11.0+cu130",
  "compile_seconds": 4.08062962628901,
  "kv_major_compile_seconds": null,
  "samples_ms": [
    0.6195840239524841,
    0.6348159909248352,
    0.6000959873199463,
    0.6455360054969788,
    0.591808021068573,
    0.6428800225257874,
    0.5948799848556519,
    0.6346880197525024,
    0.595583975315094,
    0.6325759887695312,
    0.5925120115280151,
    0.6289920210838318,
    0.5935999751091003,
    0.624671995639801,
    0.5925120115280151,
    0.6265280246734619,
    0.5905600190162659,
    0.6304640173912048,
    0.5935680270195007,
    0.6231039762496948,
    0.589024007320404,
    0.6311039924621582,
    0.5936959981918335,
    0.6305599808692932,
    0.5888000130653381,
    0.6310399770736694,
    0.592415988445282,
    0.6232640147209167,
    0.5867519974708557,
    0.6282879710197449
  ],
  "median_ms": 0.6213440001010895,
  "minimum_ms": 0.5867519974708557,
  "maximum_ms": 0.6455360054969788,
  "mean_ms": 0.6127968013286591,
  "measurement_protocol": {
    "name": "alternating_counterbalanced_pairs",
    "variants": [
      "generated",
      "matched_expert_oracle"
    ],
    "warmup_launch_orders": [
      [
        "generated",
        "matched_expert_oracle"
      ],
      [
        "matched_expert_oracle",
        "generated"
      ],
      [
        "generated",
        "matched_expert_oracle"
      ],
      [
        "matched_expert_oracle",
        "generated"
      ],
      [
        "generated",
        "matched_expert_oracle"
      ],
      [
        "matched_expert_oracle",
        "generated"
      ],
      [
        "generated",
        "matched_expert_oracle"
      ],
      [
        "matched_expert_oracle",
        "generated"
      ],
      [
        "generated",
        "matched_expert_oracle"
      ],
      [
        "matched_expert_oracle",
        "generated"
      ]
    ],
    "sample_launch_orders": [
      [
        "generated",
        "matched_expert_oracle"
      ],
      [
        "matched_expert_oracle",
        "generated"
      ],
      [
        "generated",
        "matched_expert_oracle"
      ],
      [
        "matched_expert_oracle",
        "generated"
      ],
      [
        "generated",
        "matched_expert_oracle"
      ],
      [
        "matched_expert_oracle",
        "generated"
      ],
      [
        "generated",
        "matched_expert_oracle"
      ],
      [
        "matched_expert_oracle",
        "generated"
      ],
      [
        "generated",
        "matched_expert_oracle"
      ],
      [
        "matched_expert_oracle",
        "generated"
      ],
      [
        "generated",
        "matched_expert_oracle"
      ],
      [
        "matched_expert_oracle",
        "generated"
      ],
      [
        "generated",
        "matched_expert_oracle"
      ],
      [
        "matched_expert_oracle",
        "generated"
      ],
      [
        "generated",
        "matched_expert_oracle"
      ],
      [
        "matched_expert_oracle",
        "generated"
      ],
      [
        "generated",
        "matched_expert_oracle"
      ],
      [
        "matched_expert_oracle",
        "generated"
      ],
      [
        "generated",
        "matched_expert_oracle"
      ],
      [
        "matched_expert_oracle",
        "generated"
      ],
      [
        "generated",
        "matched_expert_oracle"
      ],
      [
        "matched_expert_oracle",
        "generated"
      ],
      [
        "generated",
        "matched_expert_oracle"
      ],
      [
        "matched_expert_oracle",
        "generated"
      ],
      [
        "generated",
        "matched_expert_oracle"
      ],
      [
        "matched_expert_oracle",
        "generated"
      ],
      [
        "generated",
        "matched_expert_oracle"
      ],
      [
        "matched_expert_oracle",
        "generated"
      ],
      [
        "generated",
        "matched_expert_oracle"
      ],
      [
        "matched_expert_oracle",
        "generated"
      ]
    ],
    "sample_pairing": "samples at the same index form one generated/oracle pair",
    "timing": "separate CUDA events per launch; each end event is synchronized before the next launch"
  },
  "kv_major": null,
  "max_absolute_error": 0.007902860641479492,
  "mean_absolute_error": 0.00017903203843161464,
  "deterministic": true,
  "output_sha256": "e9399766068941b3b60329760c04b576c79cec38fd036c8cbdfe43cdf8da3a83",
  "relation_sha256": "0a2a06781755f5f577237a2e48c810cb160fd88db3295835458350f47ad61cbb",
  "semantic_erasure": {
    "source_semantics": [
      "top_k",
      "selected_exact_attention",
      "normalized_exponential",
      "causal_predicate"
    ],
    "lowering_steps": [
      {
        "source_semantic": "top_k",
        "generic_primitives": [
          "Contract",
          "DomainRestriction",
          "Relation"
        ]
      },
      {
        "source_semantic": "selected_exact_attention",
        "generic_primitives": [
          "RelationPlan",
          "Contract",
          "Map",
          "Fold",
          "DomainRestriction"
        ]
      },
      {
        "source_semantic": "normalized_exponential",
        "generic_primitives": [
          "Map",
          "Fold"
        ]
      },
      {
        "source_semantic": "causal_predicate",
        "generic_primitives": [
          "DomainRestriction"
        ]
      }
    ],
    "scheduling_keys": [
      "relation_selection:left_rank=2:right_rank=2:selected=8:accumulate=fp32",
      "domain_restriction:binary_affine_index_predicate",
      "relation_plan:runtime_binary_edges:dual_orientation",
      "contract:inputs=2:output_rank=4:reduction_rank=1:accumulate=fp32",
      "map:select(less_equal(input,input),multiply(input,constant),constant)",
      "fold:maximum:reduction_rank=1:accumulate=fp32",
      "map:subtract(input,input)",
      "map:exp(input)",
      "fold:sum:reduction_rank=1:accumulate=fp32",
      "contract:inputs=2:output_rank=4:reduction_rank=1:accumulate=fp32",
      "map:divide(input,input)"
    ],
    "validation_errors": []
  },
  "launch_manifest": {
    "generated_path": [
      "generic router Contract",
      "generic top-k Relation index generation",
      "generated SM90 QK/online-Fold/PV streaming skeleton"
    ],
    "expert_oracle_semantic_kernels": []
  },
  "benchmark_boundary": {
    "included": [
      "router Contract",
      "top-k/index plane",
      "selected exact attention"
    ],
    "excluded": [
      "QKV projection",
      "output projection"
    ],
    "oracle_requirement": "must include the identical router Contract and top-k/index plane",
    "legacy_seer_2_388208_ms_is_matched": false
  },
  "matched_expert_oracle": {
    "implementation": "pinned Block-Sparse-Attention expert oracle",
    "revision": "49d6c39e4dc0303442cda3bb758b3925d4399c49",
    "samples_ms": [
      1.4626879692077637,
      1.4578560590744019,
      1.444991946220398,
      1.4511679410934448,
      1.4284160137176514,
      1.4781440496444702,
      1.4333440065383911,
      1.4572160243988037,
      1.4660799503326416,
      1.4482879638671875,
      1.419424057006836,
      1.4401919841766357,
      1.4202239513397217,
      1.4215359687805176,
      1.434175968170166,
      1.4291839599609375,
      1.410912036895752,
      1.4372800588607788,
      1.4154560565948486,
      1.4230079650878906,
      1.4130879640579224,
      1.429152011871338,
      1.4114559888839722,
      1.4316799640655518,
      1.4112639427185059,
      1.4147520065307617,
      1.4145599603652954,
      1.418239951133728,
      1.3965760469436646,
      1.4370880126953125
    ],
    "median_ms": 1.4291679859161377,
    "maximum_absolute_difference_from_generated": 0.00390625,
    "mean_absolute_difference_from_generated": 6.517220754176378e-05,
    "deterministic": true,
    "output_sha256": "86d62d4d69acf008eb073c029da0810c524d4e6ce1abdfc5d5735d326e70c1b3",
    "generated_to_oracle_ratio": 0.43475924889458684,
    "matched_boundary": true
  }
}
